Archive member included to satisfy reference by file (symbol)

c:/users/nesre/documents/mikro/toolchain-gd32v-v202-win/compiler/bin/../lib/gcc/riscv64-unknown-elf/8.3.0/rv32imac/ilp32\libgcc.a(_udivdi3.o)
                              build/main.o (__udivdi3)
c:/users/nesre/documents/mikro/toolchain-gd32v-v202-win/compiler/bin/../lib/gcc/riscv64-unknown-elf/8.3.0/rv32imac/ilp32\libgcc.a(divdf3.o)
                              build/lcd.o (__divdf3)
c:/users/nesre/documents/mikro/toolchain-gd32v-v202-win/compiler/bin/../lib/gcc/riscv64-unknown-elf/8.3.0/rv32imac/ilp32\libgcc.a(ledf2.o)
                              build/lcd.o (__ltdf2)
c:/users/nesre/documents/mikro/toolchain-gd32v-v202-win/compiler/bin/../lib/gcc/riscv64-unknown-elf/8.3.0/rv32imac/ilp32\libgcc.a(muldf3.o)
                              build/lcd.o (__muldf3)
c:/users/nesre/documents/mikro/toolchain-gd32v-v202-win/compiler/bin/../lib/gcc/riscv64-unknown-elf/8.3.0/rv32imac/ilp32\libgcc.a(floatunsidf.o)
                              build/lcd.o (__floatunsidf)
c:/users/nesre/documents/mikro/toolchain-gd32v-v202-win/compiler/bin/../lib/gcc/riscv64-unknown-elf/8.3.0/rv32imac/ilp32\libgcc.a(floatundidf.o)
                              build/lcd.o (__floatundidf)
c:/users/nesre/documents/mikro/toolchain-gd32v-v202-win/compiler/bin/../lib/gcc/riscv64-unknown-elf/8.3.0/rv32imac/ilp32\libgcc.a(mulsf3.o)
                              build/lcd.o (__mulsf3)
c:/users/nesre/documents/mikro/toolchain-gd32v-v202-win/compiler/bin/../lib/gcc/riscv64-unknown-elf/8.3.0/rv32imac/ilp32\libgcc.a(fixunssfsi.o)
                              build/lcd.o (__fixunssfsi)
c:/users/nesre/documents/mikro/toolchain-gd32v-v202-win/compiler/bin/../lib/gcc/riscv64-unknown-elf/8.3.0/rv32imac/ilp32\libgcc.a(_lshrdi3.o)
                              c:/users/nesre/documents/mikro/toolchain-gd32v-v202-win/compiler/bin/../lib/gcc/riscv64-unknown-elf/8.3.0/rv32imac/ilp32\libgcc.a(floatundidf.o) (__lshrdi3)
c:/users/nesre/documents/mikro/toolchain-gd32v-v202-win/compiler/bin/../lib/gcc/riscv64-unknown-elf/8.3.0/rv32imac/ilp32\libgcc.a(_ashldi3.o)
                              c:/users/nesre/documents/mikro/toolchain-gd32v-v202-win/compiler/bin/../lib/gcc/riscv64-unknown-elf/8.3.0/rv32imac/ilp32\libgcc.a(floatundidf.o) (__ashldi3)
c:/users/nesre/documents/mikro/toolchain-gd32v-v202-win/compiler/bin/../lib/gcc/riscv64-unknown-elf/8.3.0/rv32imac/ilp32\libgcc.a(_clz.o)
                              c:/users/nesre/documents/mikro/toolchain-gd32v-v202-win/compiler/bin/../lib/gcc/riscv64-unknown-elf/8.3.0/rv32imac/ilp32\libgcc.a(_udivdi3.o) (__clz_tab)
c:/users/nesre/documents/mikro/toolchain-gd32v-v202-win/compiler/bin/../lib/gcc/riscv64-unknown-elf/8.3.0/rv32imac/ilp32\libgcc.a(_clzsi2.o)
                              c:/users/nesre/documents/mikro/toolchain-gd32v-v202-win/compiler/bin/../lib/gcc/riscv64-unknown-elf/8.3.0/rv32imac/ilp32\libgcc.a(divdf3.o) (__clzsi2)
c:/users/nesre/documents/mikro/toolchain-gd32v-v202-win/compiler/bin/../lib/gcc/riscv64-unknown-elf/8.3.0/../../../../riscv64-unknown-elf/lib/rv32imac/ilp32\libc_nano.a(lib_a-atexit.o)
                              build/start.o (atexit)
c:/users/nesre/documents/mikro/toolchain-gd32v-v202-win/compiler/bin/../lib/gcc/riscv64-unknown-elf/8.3.0/../../../../riscv64-unknown-elf/lib/rv32imac/ilp32\libc_nano.a(lib_a-exit.o)
                              build/start.o (exit)
c:/users/nesre/documents/mikro/toolchain-gd32v-v202-win/compiler/bin/../lib/gcc/riscv64-unknown-elf/8.3.0/../../../../riscv64-unknown-elf/lib/rv32imac/ilp32\libc_nano.a(lib_a-fini.o)
                              build/start.o (__libc_fini_array)
c:/users/nesre/documents/mikro/toolchain-gd32v-v202-win/compiler/bin/../lib/gcc/riscv64-unknown-elf/8.3.0/../../../../riscv64-unknown-elf/lib/rv32imac/ilp32\libc_nano.a(lib_a-impure.o)
                              c:/users/nesre/documents/mikro/toolchain-gd32v-v202-win/compiler/bin/../lib/gcc/riscv64-unknown-elf/8.3.0/../../../../riscv64-unknown-elf/lib/rv32imac/ilp32\libc_nano.a(lib_a-exit.o) (_global_impure_ptr)
c:/users/nesre/documents/mikro/toolchain-gd32v-v202-win/compiler/bin/../lib/gcc/riscv64-unknown-elf/8.3.0/../../../../riscv64-unknown-elf/lib/rv32imac/ilp32\libc_nano.a(lib_a-init.o)
                              build/start.o (__libc_init_array)
c:/users/nesre/documents/mikro/toolchain-gd32v-v202-win/compiler/bin/../lib/gcc/riscv64-unknown-elf/8.3.0/../../../../riscv64-unknown-elf/lib/rv32imac/ilp32\libc_nano.a(lib_a-memcpy-asm.o)
                              build/gd32vf103_rcu.o (memcpy)
c:/users/nesre/documents/mikro/toolchain-gd32v-v202-win/compiler/bin/../lib/gcc/riscv64-unknown-elf/8.3.0/../../../../riscv64-unknown-elf/lib/rv32imac/ilp32\libc_nano.a(lib_a-rand.o)
                              build/main.o (rand)
c:/users/nesre/documents/mikro/toolchain-gd32v-v202-win/compiler/bin/../lib/gcc/riscv64-unknown-elf/8.3.0/../../../../riscv64-unknown-elf/lib/rv32imac/ilp32\libc_nano.a(lib_a-sprintf.o)
[...]
Memory Configuration

Name             Origin             Length             Attributes
flash            0x0000000008000000 0x0000000000020000 axrl !w
ram              0x0000000020000000 0x0000000000008000 axw !rl
*default*        0x0000000000000000 0xffffffffffffffff

Linker script and memory map

LOAD build/gd32vf103_adc.o
LOAD build/gd32vf103_bkp.o
LOAD build/gd32vf103_can.o
LOAD build/gd32vf103_crc.o
LOAD build/gd32vf103_dac.o
LOAD build/gd32vf103_dbg.o
LOAD build/gd32vf103_dma.o
LOAD build/gd32vf103_eclic.o
LOAD build/gd32vf103_exmc.o
LOAD build/gd32vf103_exti.o
LOAD build/gd32vf103_fmc.o
LOAD build/gd32vf103_fwdgt.o
LOAD build/gd32vf103_gpio.o
LOAD build/gd32vf103_i2c.o
LOAD build/gd32vf103_pmu.o
LOAD build/gd32vf103_rcu.o
LOAD build/gd32vf103_rtc.o
LOAD build/gd32vf103_spi.o
LOAD build/gd32vf103_timer.o
LOAD build/gd32vf103_usart.o
LOAD build/gd32vf103_wwdgt.o
LOAD build/system_gd32vf103.o
LOAD build/_exit.o
LOAD build/close.o
LOAD build/fstat.o
LOAD build/isatty.o
LOAD build/lseek.o
LOAD build/read.o
LOAD build/sbrk.o
LOAD build/write.o
LOAD build/write_hex.o
LOAD build/n200_func.o
LOAD build/handlers.o
LOAD build/init.o
LOAD build/lcd.o
LOAD build/main.o
LOAD build/pwm.o
LOAD build/vibrator.o
LOAD build/start.o
LOAD build/entry.o
LOAD c:/users/nesre/documents/mikro/toolchain-gd32v-v202-win/compiler/bin/../lib/gcc/riscv64-unknown-elf/8.3.0/rv32imac/ilp32\libgcc.a
LOAD c:/users/nesre/documents/mikro/toolchain-gd32v-v202-win/compiler/bin/../lib/gcc/riscv64-unknown-elf/8.3.0/../../../../riscv64-unknown-elf/lib/rv32imac/ilp32\libc_nano.a
LOAD c:/users/nesre/documents/mikro/toolchain-gd32v-v202-win/compiler/bin/../lib/gcc/riscv64-unknown-elf/8.3.0/rv32imac/ilp32\libgcc.a
START GROUP
LOAD c:/users/nesre/documents/mikro/toolchain-gd32v-v202-win/compiler/bin/../lib/gcc/riscv64-unknown-elf/8.3.0/rv32imac/ilp32\libgcc.a
LOAD c:/users/nesre/documents/mikro/toolchain-gd32v-v202-win/compiler/bin/../lib/gcc/riscv64-unknown-elf/8.3.0/../../../../riscv64-unknown-elf/lib/rv32imac/ilp32\libc_nano.a
LOAD c:/users/nesre/documents/mikro/toolchain-gd32v-v202-win/compiler/bin/../lib/gcc/riscv64-unknown-elf/8.3.0/../../../../riscv64-unknown-elf/lib/rv32imac/ilp32\libgloss_nano.a
END GROUP
                0x0000000000001000                __stack_size = DEFINED (__stack_size)?__stack_size:0x1000
                0x0000000000000000                __dbg_stack_size = DEFINED (__dbg_stack_size)?__dbg_stack_size:0x0

.init           0x0000000008000000      0x254
 *(SORT_NONE(.init))
 .init          0x0000000008000000      0x254 build/start.o
                0x000000000800015c                _start
                0x0000000008000246                disable_mcycle_minstret
                0x000000000800024c                enable_mcycle_minstret

.ilalign        0x0000000008000254        0x0
                0x0000000008000254                . = ALIGN (0x4)
                [!provide]                        PROVIDE (_ilm_lma = .)

.ialign         0x0000000008000254        0x0
                [!provide]                        PROVIDE (_ilm = .)

.text           0x0000000008000280     0x403c
 *(.rodata .rodata.*)
 .rodata._exit.str1.4
                0x0000000008000280       0x1f build/_exit.o
                                         0x23 (size before relaxing)
 *fill*         0x000000000800029f        0x1 
 .rodata.write_hex.str1.4
                0x00000000080002a0        0x3 build/write_hex.o
 *fill*         0x00000000080002a3        0x1 
 .rodata.handle_nmi.str1.4
                0x00000000080002a4        0x5 build/handlers.o
 *fill*         0x00000000080002a9        0x3 
 .rodata.handle_trap.str1.4
                0x00000000080002ac        0x6 build/handlers.o
 *fill*         0x00000000080002b2        0x2 
 .rodata.asc2_1608
                0x00000000080002b4      0x630 build/lcd.o
                0x00000000080002b4                asc2_1608
 *fill*         0x00000000080008e4        0x4 
 .rodata.lcd_delay_1ms.cst8
                0x00000000080008e8        0x8 build/lcd.o
 .rodata.main.str1.4
                0x00000000080008f0       0x53 build/main.o
 *fill*         0x0000000008000943        0x1 
 .rodata.show_history.str1.4
                0x0000000008000944       0x45 build/main.o
 *fill*         0x0000000008000989        0x3 
 .rodata        0x000000000800098c       0x3c c:/users/nesre/documents/mikro/toolchain-gd32v-v202-win/compiler/bin/../lib/gcc/riscv64-unknown-elf/8.3.0/rv32imac/ilp32\libgcc.a(divdf3.o)
 .rodata        0x00000000080009c8       0x3c c:/users/nesre/documents/mikro/toolchain-gd32v-v202-win/compiler/bin/../lib/gcc/riscv64-unknown-elf/8.3.0/rv32imac/ilp32\libgcc.a(muldf3.o)
 .rodata        0x0000000008000a04      0x100 c:/users/nesre/documents/mikro/toolchain-gd32v-v202-win/compiler/bin/../lib/gcc/riscv64-unknown-elf/8.3.0/rv32imac/ilp32\libgcc.a(_clz.o)
                0x0000000008000a04                __clz_tab
 .rodata._svfprintf_r.str1.4
                0x0000000008000b04       0x13 c:/users/nesre/documents/mikro/toolchain-gd32v-v202-win/compiler/bin/../lib/gcc/riscv64-unknown-elf/8.3.0/../../../../riscv64-unknown-elf/lib/rv32imac/ilp32\libc_nano.a(lib_a-nano-svfprintf.o)
 *fill*         0x0000000008000b17        0x1 
 .rodata._printf_i.str1.4
                0x0000000008000b18       0x28 c:/users/nesre/documents/mikro/toolchain-gd32v-v202-win/compiler/bin/../lib/gcc/riscv64-unknown-elf/8.3.0/../../../../riscv64-unknown-elf/lib/rv32imac/ilp32\libc_nano.a(lib_a-nano-vfprintf_i.o)
                                         0x25 (size before relaxing)
 *(.text.unlikely .text.unlikely.*)
 *(.text.startup .text.startup.*)
 .text.startup.main
                0x0000000008000b40      0x2de build/main.o
                0x0000000008000b40                main
 *(.text .text.*)
 .text.gpio_init
                0x0000000008000e1e       0xa4 build/gd32vf103_gpio.o
                0x0000000008000e1e                gpio_init
 .text.gpio_bit_set
                0x0000000008000ec2        0x4 build/gd32vf103_gpio.o
                0x0000000008000ec2                gpio_bit_set
 .text.gpio_bit_reset
                0x0000000008000ec6        0x4 build/gd32vf103_gpio.o
                0x0000000008000ec6                gpio_bit_reset
 .text.gpio_input_bit_get
                0x0000000008000eca        0xa build/gd32vf103_gpio.o
                0x0000000008000eca                gpio_input_bit_get
 .text.rcu_periph_clock_enable
                0x0000000008000ed4       0x18 build/gd32vf103_rcu.o
                0x0000000008000ed4                rcu_periph_clock_enable
 .text.rcu_periph_reset_enable
                0x0000000008000eec       0x18 build/gd32vf103_rcu.o
                0x0000000008000eec                rcu_periph_reset_enable
 .text.rcu_periph_reset_disable
                0x0000000008000f04       0x1c build/gd32vf103_rcu.o
                0x0000000008000f04                rcu_periph_reset_disable
 .text.spi_struct_para_init
                0x0000000008000f20       0x1a build/gd32vf103_spi.o
                0x0000000008000f20                spi_struct_para_init
 .text.spi_init
                0x0000000008000f3a       0x36 build/gd32vf103_spi.o
                0x0000000008000f3a                spi_init
 .text.spi_enable
                0x0000000008000f70        0xa build/gd32vf103_spi.o
                0x0000000008000f70                spi_enable
 .text.spi_i2s_data_transmit
                0x0000000008000f7a        0x4 build/gd32vf103_spi.o
                0x0000000008000f7a                spi_i2s_data_transmit
 .text.spi_crc_polynomial_set
                0x0000000008000f7e        0xc build/gd32vf103_spi.o
                0x0000000008000f7e                spi_crc_polynomial_set
 .text.spi_i2s_flag_get
                0x0000000008000f8a        0xa build/gd32vf103_spi.o
                0x0000000008000f8a                spi_i2s_flag_get
 .text.timer_deinit
                0x0000000008000f94       0xd2 build/gd32vf103_timer.o
                0x0000000008000f94                timer_deinit
 .text.timer_struct_para_init
                0x0000000008001066       0x18 build/gd32vf103_timer.o
                0x0000000008001066                timer_struct_para_init
 .text.timer_init
                0x000000000800107e       0x8e build/gd32vf103_timer.o
                0x000000000800107e                timer_init
 .text.timer_enable
                0x000000000800110c        0xa build/gd32vf103_timer.o
                0x000000000800110c                timer_enable
 .text.timer_auto_reload_shadow_enable
                0x0000000008001116        0xa build/gd32vf103_timer.o
                0x0000000008001116                timer_auto_reload_shadow_enable
 .text.timer_channel_output_struct_para_init
                0x0000000008001120       0x1a build/gd32vf103_timer.o
                0x0000000008001120                timer_channel_output_struct_para_init
 .text.timer_channel_output_config
                0x000000000800113a      0x23c build/gd32vf103_timer.o
                0x000000000800113a                timer_channel_output_config
 .text.timer_channel_output_mode_config
                0x0000000008001376       0x56 build/gd32vf103_timer.o
                0x0000000008001376                timer_channel_output_mode_config
 .text.timer_channel_output_pulse_value_config
                0x00000000080013cc       0x26 build/gd32vf103_timer.o
                0x00000000080013cc                timer_channel_output_pulse_value_config
 .text.timer_channel_output_shadow_config
                0x00000000080013f2       0x56 build/gd32vf103_timer.o
                0x00000000080013f2                timer_channel_output_shadow_config
 .text.SystemInit
                0x0000000008001448      0x11c build/system_gd32vf103.o
                0x0000000008001448                SystemInit
 .text._exit    0x0000000008001564       0x4c build/_exit.o
                0x0000000008001564                _exit
 .text._sbrk    0x00000000080015b0       0x2e build/sbrk.o
                0x00000000080015b0                _sbrk
 .text.write_hex
                0x00000000080015de       0x7c build/write_hex.o
                0x00000000080015de                write_hex
 .text.get_timer_value
                0x000000000800165a       0x10 build/n200_func.o
                0x000000000800165a                get_timer_value
 .text.eclic_init
                0x000000000800166a       0x22 build/n200_func.o
                0x000000000800166a                eclic_init
 .text.eclic_mode_enable
                0x000000000800168c       0x12 build/n200_func.o
                0x000000000800168c                eclic_mode_enable
 .text.handle_nmi
                0x000000000800169e       0x22 build/handlers.o
                0x000000000800169e                handle_nmi
 .text.handle_trap
                0x00000000080016c0       0x38 build/handlers.o
                0x00000000080016c0                handle_trap
 .text._init    0x00000000080016f8       0x2c build/init.o
                0x00000000080016f8                _init
 .text._fini    0x0000000008001724        0x2 build/init.o
                0x0000000008001724                _fini
 .text.lcd_delay_1ms
                0x0000000008001726       0xce build/lcd.o
                0x0000000008001726                lcd_delay_1ms
 .text.LCD_WR_Queue
                0x00000000080017f4       0xc2 build/lcd.o
                0x00000000080017f4                LCD_WR_Queue
 .text.LCD_Wait_On_Queue
                0x00000000080018b6       0x30 build/lcd.o
                0x00000000080018b6                LCD_Wait_On_Queue
 .text.LCD_Write_Bus
                0x00000000080018e6       0x58 build/lcd.o
                0x00000000080018e6                LCD_Write_Bus
 .text.LCD_WR_DATA
                0x000000000800193e       0x2c build/lcd.o
                0x000000000800193e                LCD_WR_DATA
 .text.LCD_Address_Set
                0x000000000800196a       0x82 build/lcd.o
                0x000000000800196a                LCD_Address_Set
 .text.spi_config
                0x00000000080019ec       0x6c build/lcd.o
                0x00000000080019ec                spi_config
 .text.Lcd_SetType
                0x0000000008001a58       0x26 build/lcd.o
                0x0000000008001a58                Lcd_SetType
 .text.Lcd_Init
                0x0000000008001a7e      0x464 build/lcd.o
                0x0000000008001a7e                Lcd_Init
 .text.LCD_Clear
                0x0000000008001ee2       0x46 build/lcd.o
                0x0000000008001ee2                LCD_Clear
 .text.LCD_DrawPoint
                0x0000000008001f28       0x24 build/lcd.o
                0x0000000008001f28                LCD_DrawPoint
 .text.LCD_ShowChar
                0x0000000008001f4c       0xde build/lcd.o
                0x0000000008001f4c                LCD_ShowChar
 .text.LCD_ShowStr
                0x000000000800202a       0x60 build/lcd.o
                0x000000000800202a                LCD_ShowStr
 .text.delay_ms
                0x000000000800208a       0x3c build/main.o
                0x000000000800208a                delay_ms
 .text.get_random_delay
                0x00000000080020c6       0x22 build/main.o
                0x00000000080020c6                get_random_delay
 .text.is_button_pressed
                0x00000000080020e8       0x70 build/main.o
                0x00000000080020e8                is_button_pressed
 .text.show_history
                0x0000000008002158       0xfe build/main.o
                0x0000000008002158                show_history
 .text.T2powerUpInitPWM
                0x0000000008002256      0x106 build/pwm.o
                0x0000000008002256                T2powerUpInitPWM
 .text.T2setPWMch0
                0x000000000800235c       0x14 build/pwm.o
                0x000000000800235c                T2setPWMch0
 .text.vibrator_init
                0x0000000008002370       0x3c build/vibrator.o
                0x0000000008002370                vibrator_init
 .text.vibrator_on
                0x00000000080023ac       0x12 build/vibrator.o
                0x00000000080023ac                vibrator_on
 .text.vibrator_off
                0x00000000080023be       0x12 build/vibrator.o
                0x00000000080023be                vibrator_off
 *fill*         0x00000000080023d0       0x30 
 .text.trap     0x0000000008002400       0x82 build/entry.o
                0x0000000008002400                trap_entry
 *fill*         0x0000000008002482        0x2 
 .text.irq      0x0000000008002484       0x72 build/entry.o
                0x0000000008002484                irq_entry
 .text          0x00000000080024f6      0x35e c:/users/nesre/documents/mikro/toolchain-gd32v-v202-win/compiler/bin/../lib/gcc/riscv64-unknown-elf/8.3.0/rv32imac/ilp32\libgcc.a(_udivdi3.o)
                0x00000000080024f6                __udivdi3
 .text          0x0000000008002854      0x546 c:/users/nesre/documents/mikro/toolchain-gd32v-v202-win/compiler/bin/../lib/gcc/riscv64-unknown-elf/8.3.0/rv32imac/ilp32\libgcc.a(divdf3.o)
                0x0000000008002854                __divdf3
 .text          0x0000000008002d9a       0xa4 c:/users/nesre/documents/mikro/toolchain-gd32v-v202-win/compiler/bin/../lib/gcc/riscv64-unknown-elf/8.3.0/rv32imac/ilp32\libgcc.a(ledf2.o)
                0x0000000008002d9a                __ledf2
                0x0000000008002d9a                __ltdf2
 .text          0x0000000008002e3e      0x44c c:/users/nesre/documents/mikro/toolchain-gd32v-v202-win/compiler/bin/../lib/gcc/riscv64-unknown-elf/8.3.0/rv32imac/ilp32\libgcc.a(muldf3.o)
                0x0000000008002e3e                __muldf3
 .text          0x000000000800328a       0x56 c:/users/nesre/documents/mikro/toolchain-gd32v-v202-win/compiler/bin/../lib/gcc/riscv64-unknown-elf/8.3.0/rv32imac/ilp32\libgcc.a(floatunsidf.o)
                0x000000000800328a                __floatunsidf
 .text          0x00000000080032e0      0x166 c:/users/nesre/documents/mikro/toolchain-gd32v-v202-win/compiler/bin/../lib/gcc/riscv64-unknown-elf/8.3.0/rv32imac/ilp32\libgcc.a(floatundidf.o)
                0x00000000080032e0                __floatundidf
 .text          0x0000000008003446       0x2a c:/users/nesre/documents/mikro/toolchain-gd32v-v202-win/compiler/bin/../lib/gcc/riscv64-unknown-elf/8.3.0/rv32imac/ilp32\libgcc.a(_lshrdi3.o)
                0x0000000008003446                __lshrdi3
 .text          0x0000000008003470       0x2a c:/users/nesre/documents/mikro/toolchain-gd32v-v202-win/compiler/bin/../lib/gcc/riscv64-unknown-elf/8.3.0/rv32imac/ilp32\libgcc.a(_ashldi3.o)
                0x0000000008003470                __ashldi3
 .text          0x000000000800349a       0x3c c:/users/nesre/documents/mikro/toolchain-gd32v-v202-win/compiler/bin/../lib/gcc/riscv64-unknown-elf/8.3.0/rv32imac/ilp32\libgcc.a(_clzsi2.o)
                0x000000000800349a                __clzsi2
 .text.atexit   0x00000000080034d6       0x10 c:/users/nesre/documents/mikro/toolchain-gd32v-v202-win/compiler/bin/../lib/gcc/riscv64-unknown-elf/8.3.0/../../../../riscv64-unknown-elf/lib/rv32imac/ilp32\libc_nano.a(lib_a-atexit.o)
                0x00000000080034d6                atexit
 .text.exit     0x00000000080034e6       0x36 c:/users/nesre/documents/mikro/toolchain-gd32v-v202-win/compiler/bin/../lib/gcc/riscv64-unknown-elf/8.3.0/../../../../riscv64-unknown-elf/lib/rv32imac/ilp32\libc_nano.a(lib_a-exit.o)
                0x00000000080034e6                exit
 .text.__libc_fini_array
                0x000000000800351c       0x38 c:/users/nesre/documents/mikro/toolchain-gd32v-v202-win/compiler/bin/../lib/gcc/riscv64-unknown-elf/8.3.0/../../../../riscv64-unknown-elf/lib/rv32imac/ilp32\libc_nano.a(lib_a-fini.o)
                0x000000000800351c                __libc_fini_array
 .text.__libc_init_array
                0x0000000008003554       0x6a c:/users/nesre/documents/mikro/toolchain-gd32v-v202-win/compiler/bin/../lib/gcc/riscv64-unknown-elf/8.3.0/../../../../riscv64-unknown-elf/lib/rv32imac/ilp32\libc_nano.a(lib_a-init.o)
                0x0000000008003554                __libc_init_array
 .text          0x00000000080035be       0x16 c:/users/nesre/documents/mikro/toolchain-gd32v-v202-win/compiler/bin/../lib/gcc/riscv64-unknown-elf/8.3.0/../../../../riscv64-unknown-elf/lib/rv32imac/ilp32\libc_nano.a(lib_a-memcpy-asm.o)
                0x00000000080035be                memcpy
 .text.rand     0x00000000080035d4       0x90 c:/users/nesre/documents/mikro/toolchain-gd32v-v202-win/compiler/bin/../lib/gcc/riscv64-unknown-elf/8.3.0/../../../../riscv64-unknown-elf/lib/rv32imac/ilp32\libc_nano.a(lib_a-rand.o)
                0x00000000080035d4                rand
 .text.sprintf  0x0000000008003664       0x4e c:/users/nesre/documents/mikro/toolchain-gd32v-v202-win/compiler/bin/../lib/gcc/riscv64-unknown-elf/8.3.0/../../../../riscv64-unknown-elf/lib/rv32imac/ilp32\libc_nano.a(lib_a-sprintf.o)
                0x0000000008003664                siprintf
                0x0000000008003664                sprintf
 .text.write    0x00000000080036b2       0x18 c:/users/nesre/documents/mikro/toolchain-gd32v-v202-win/compiler/bin/../lib/gcc/riscv64-unknown-elf/8.3.0/../../../../riscv64-unknown-elf/lib/rv32imac/ilp32\libc_nano.a(lib_a-syswrite.o)
                0x00000000080036b2                write
 .text._write_r
                0x00000000080036ca       0x3a c:/users/nesre/documents/mikro/toolchain-gd32v-v202-win/compiler/bin/../lib/gcc/riscv64-unknown-elf/8.3.0/../../../../riscv64-unknown-elf/lib/rv32imac/ilp32\libc_nano.a(lib_a-writer.o)
                0x00000000080036ca                _write_r
 .text.__register_exitproc
                0x0000000008003704       0x8c c:/users/nesre/documents/mikro/toolchain-gd32v-v202-win/compiler/bin/../lib/gcc/riscv64-unknown-elf/8.3.0/../../../../riscv64-unknown-elf/lib/rv32imac/ilp32\libc_nano.a(lib_a-__atexit.o)
                0x0000000008003704                __register_exitproc
 .text.__call_exitprocs
                0x0000000008003790       0xc8 c:/users/nesre/documents/mikro/toolchain-gd32v-v202-win/compiler/bin/../lib/gcc/riscv64-unknown-elf/8.3.0/../../../../riscv64-unknown-elf/lib/rv32imac/ilp32\libc_nano.a(lib_a-__call_atexit.o)
                0x0000000008003790                __call_exitprocs
 .text.malloc   0x0000000008003858       0x14 c:/users/nesre/documents/mikro/toolchain-gd32v-v202-win/compiler/bin/../lib/gcc/riscv64-unknown-elf/8.3.0/../../../../riscv64-unknown-elf/lib/rv32imac/ilp32\libc_nano.a(lib_a-malloc.o)
                0x0000000008003858                malloc
 .text._free_r  0x000000000800386c       0xb8 c:/users/nesre/documents/mikro/toolchain-gd32v-v202-win/compiler/bin/../lib/gcc/riscv64-unknown-elf/8.3.0/../../../../riscv64-unknown-elf/lib/rv32imac/ilp32\libc_nano.a(lib_a-nano-freer.o)
                0x000000000800386c                _free_r
 .text._malloc_r
                0x0000000008003924      0x102 c:/users/nesre/documents/mikro/toolchain-gd32v-v202-win/compiler/bin/../lib/gcc/riscv64-unknown-elf/8.3.0/../../../../riscv64-unknown-elf/lib/rv32imac/ilp32\libc_nano.a(lib_a-nano-mallocr.o)
                0x0000000008003924                _malloc_r
 .text.__ssputs_r
                0x0000000008003a26      0x102 c:/users/nesre/documents/mikro/toolchain-gd32v-v202-win/compiler/bin/../lib/gcc/riscv64-unknown-elf/8.3.0/../../../../riscv64-unknown-elf/lib/rv32imac/ilp32\libc_nano.a(lib_a-nano-svfprintf.o)
                0x0000000008003a26                __ssputs_r
 .text._svfprintf_r
                0x0000000008003b28      0x29a c:/users/nesre/documents/mikro/toolchain-gd32v-v202-win/compiler/bin/../lib/gcc/riscv64-unknown-elf/8.3.0/../../../../riscv64-unknown-elf/lib/rv32imac/ilp32\libc_nano.a(lib_a-nano-svfprintf.o)
                0x0000000008003b28                _svfiprintf_r
                0x0000000008003b28                _svfprintf_r
 .text._printf_common
                0x0000000008003dc2      0x10c c:/users/nesre/documents/mikro/toolchain-gd32v-v202-win/compiler/bin/../lib/gcc/riscv64-unknown-elf/8.3.0/../../../../riscv64-unknown-elf/lib/rv32imac/ilp32\libc_nano.a(lib_a-nano-vfprintf_i.o)
                0x0000000008003dc2                _printf_common
 .text._printf_i
                0x0000000008003ece      0x2ae c:/users/nesre/documents/mikro/toolchain-gd32v-v202-win/compiler/bin/../lib/gcc/riscv64-unknown-elf/8.3.0/../../../../riscv64-unknown-elf/lib/rv32imac/ilp32\libc_nano.a(lib_a-nano-vfprintf_i.o)
                0x0000000008003ece                _printf_i
 .text._sbrk_r  0x000000000800417c       0x36 c:/users/nesre/documents/mikro/toolchain-gd32v-v202-win/compiler/bin/../lib/gcc/riscv64-unknown-elf/8.3.0/../../../../riscv64-unknown-elf/lib/rv32imac/ilp32\libc_nano.a(lib_a-sbrkr.o)
                0x000000000800417c                _sbrk_r
 .text.memchr   0x00000000080041b2       0x1a c:/users/nesre/documents/mikro/toolchain-gd32v-v202-win/compiler/bin/../lib/gcc/riscv64-unknown-elf/8.3.0/../../../../riscv64-unknown-elf/lib/rv32imac/ilp32\libc_nano.a(lib_a-memchr.o)
                0x00000000080041b2                memchr
 .text          0x00000000080041cc       0x26 c:/users/nesre/documents/mikro/toolchain-gd32v-v202-win/compiler/bin/../lib/gcc/riscv64-unknown-elf/8.3.0/../../../../riscv64-unknown-elf/lib/rv32imac/ilp32\libc_nano.a(lib_a-memmove.o)
                0x00000000080041cc                memmove
 .text.__malloc_lock
                0x00000000080041f2        0x2 c:/users/nesre/documents/mikro/toolchain-gd32v-v202-win/compiler/bin/../lib/gcc/riscv64-unknown-elf/8.3.0/../../../../riscv64-unknown-elf/lib/rv32imac/ilp32\libc_nano.a(lib_a-mlock.o)
                0x00000000080041f2                __malloc_lock
 .text.__malloc_unlock
                0x00000000080041f4        0x2 c:/users/nesre/documents/mikro/toolchain-gd32v-v202-win/compiler/bin/../lib/gcc/riscv64-unknown-elf/8.3.0/../../../../riscv64-unknown-elf/lib/rv32imac/ilp32\libc_nano.a(lib_a-mlock.o)
                0x00000000080041f4                __malloc_unlock
 .text._realloc_r
                0x00000000080041f6       0x72 c:/users/nesre/documents/mikro/toolchain-gd32v-v202-win/compiler/bin/../lib/gcc/riscv64-unknown-elf/8.3.0/../../../../riscv64-unknown-elf/lib/rv32imac/ilp32\libc_nano.a(lib_a-nano-reallocr.o)
                0x00000000080041f6                _realloc_r
 .text._malloc_usable_size_r
                0x0000000008004268       0x14 c:/users/nesre/documents/mikro/toolchain-gd32v-v202-win/compiler/bin/../lib/gcc/riscv64-unknown-elf/8.3.0/../../../../riscv64-unknown-elf/lib/rv32imac/ilp32\libc_nano.a(lib_a-nano-msizer.o)
                0x0000000008004268                _malloc_usable_size_r
 .text._write   0x000000000800427c       0x34 c:/users/nesre/documents/mikro/toolchain-gd32v-v202-win/compiler/bin/../lib/gcc/riscv64-unknown-elf/8.3.0/../../../../riscv64-unknown-elf/lib/rv32imac/ilp32\libgloss_nano.a(sys_write.o)
                0x000000000800427c                _write
 .text.__errno  0x00000000080042b0        0xc c:/users/nesre/documents/mikro/toolchain-gd32v-v202-win/compiler/bin/../lib/gcc/riscv64-unknown-elf/8.3.0/../../../../riscv64-unknown-elf/lib/rv32imac/ilp32\libc_nano.a(lib_a-errno.o)
                0x00000000080042b0                __errno
 *(.gnu.linkonce.t.*)

.sdata2._global_impure_ptr
                0x00000000080042bc        0x4
 .sdata2._global_impure_ptr
                0x00000000080042bc        0x4 c:/users/nesre/documents/mikro/toolchain-gd32v-v202-win/compiler/bin/../lib/gcc/riscv64-unknown-elf/8.3.0/../../../../riscv64-unknown-elf/lib/rv32imac/ilp32\libc_nano.a(lib_a-impure.o)
                0x00000000080042bc                _global_impure_ptr

.rela.dyn       0x00000000080042c0        0x0
 .rela.text._sbrk
                0x00000000080042c0        0x0 build/gd32vf103_gpio.o
 .rela.sdata.curbrk.1524
                0x00000000080042c0        0x0 build/gd32vf103_gpio.o
 .rela.text.handle_trap
                0x00000000080042c0        0x0 build/gd32vf103_gpio.o
 .rela.text.LCD_ShowChar
                0x00000000080042c0        0x0 build/gd32vf103_gpio.o
 .rela.text.show_history
                0x00000000080042c0        0x0 build/gd32vf103_gpio.o
 .rela.text.startup.main
                0x00000000080042c0        0x0 build/gd32vf103_gpio.o
 .rela.init     0x00000000080042c0        0x0 build/gd32vf103_gpio.o
 .rela.text.trap
                0x00000000080042c0        0x0 build/gd32vf103_gpio.o
 .rela.text.__libc_fini_array
                0x00000000080042c0        0x0 build/gd32vf103_gpio.o
 .rela.data.impure_data
                0x00000000080042c0        0x0 build/gd32vf103_gpio.o
 .rela.text.__libc_init_array
                0x00000000080042c0        0x0 build/gd32vf103_gpio.o
 .rela.text._write_r
                0x00000000080042c0        0x0 build/gd32vf103_gpio.o
 .rela.text.__register_exitproc
                0x00000000080042c0        0x0 build/gd32vf103_gpio.o
 .rela.text._svfprintf_r
                0x00000000080042c0        0x0 build/gd32vf103_gpio.o
 .rela.text._sbrk_r
                0x00000000080042c0        0x0 build/gd32vf103_gpio.o

.fini
 *(SORT_NONE(.fini))
                0x00000000080042c0                . = ALIGN (0x4)
                [!provide]                        PROVIDE (__etext = .)
                [!provide]                        PROVIDE (_etext = .)
                [!provide]                        PROVIDE (etext = .)
                [!provide]                        PROVIDE (_eilm = .)

.preinit_array  0x00000000080042c0        0x0
                0x00000000080042c0                PROVIDE (__preinit_array_start = .)
 *(.preinit_array)
                0x00000000080042c0                PROVIDE (__preinit_array_end = .)

.init_array     0x00000000080042c0        0x0
                0x00000000080042c0                PROVIDE (__init_array_start = .)
 *(SORT_BY_INIT_PRIORITY(.init_array.*) SORT_BY_INIT_PRIORITY(.ctors.*))
 *(.init_array EXCLUDE_FILE(*crtend?.o *crtend.o *crtbegin?.o *crtbegin.o) .ctors)
                0x00000000080042c0                PROVIDE (__init_array_end = .)

.fini_array     0x00000000080042c0        0x0
                0x00000000080042c0                PROVIDE (__fini_array_start = .)
 *(SORT_BY_INIT_PRIORITY(.fini_array.*) SORT_BY_INIT_PRIORITY(.dtors.*))
 *(.fini_array EXCLUDE_FILE(*crtend?.o *crtend.o *crtbegin?.o *crtbegin.o) .dtors)
                0x00000000080042c0                PROVIDE (__fini_array_end = .)

.ctors
 *crtbegin.o(.ctors)
 *crtbegin?.o(.ctors)
 *(EXCLUDE_FILE(*crtend?.o *crtend.o) .ctors)
 *(SORT_BY_NAME(.ctors.*))
 *(.ctors)

.dtors
 *crtbegin.o(.dtors)
 *crtbegin?.o(.dtors)
 *(EXCLUDE_FILE(*crtend?.o *crtend.o) .dtors)
 *(SORT_BY_NAME(.dtors.*))
 *(.dtors)
                0x00000000080042c0                . = ALIGN (0x4)
                [!provide]                        PROVIDE (_eilm = .)

.lalign         0x00000000080042c0        0x0
                0x00000000080042c0                . = ALIGN (0x4)
                0x00000000080042c0                PROVIDE (_data_lma = .)

.dalign         0x0000000020000000        0x0 load address 0x00000000080042c0
                0x0000000020000000                . = ALIGN (0x4)
                0x0000000020000000                PROVIDE (_data = .)

.data           0x0000000020000000       0x70 load address 0x00000000080042c0
 *(.rdata)
 *(.gnu.linkonce.r.*)
 *(.data .data.*)
 .data.impure_data
                0x0000000020000000       0x60 c:/users/nesre/documents/mikro/toolchain-gd32v-v202-win/compiler/bin/../lib/gcc/riscv64-unknown-elf/8.3.0/../../../../riscv64-unknown-elf/lib/rv32imac/ilp32\libc_nano.a(lib_a-impure.o)
 *(.gnu.linkonce.d.*)
                0x0000000020000060                . = ALIGN (0x8)
                0x0000000020000860                PROVIDE (__global_pointer$ = (. + 0x800))
 *(.sdata .sdata.*)
 .sdata.SystemCoreClock
                0x0000000020000060        0x4 build/system_gd32vf103.o
                0x0000000020000060                SystemCoreClock
 .sdata.curbrk.1524
                0x0000000020000064        0x4 build/sbrk.o
 .sdata.last_state.5047
                0x0000000020000068        0x1 build/main.o
 *fill*         0x0000000020000069        0x3 
 .sdata._impure_ptr
                0x000000002000006c        0x4 c:/users/nesre/documents/mikro/toolchain-gd32v-v202-win/compiler/bin/../lib/gcc/riscv64-unknown-elf/8.3.0/../../../../riscv64-unknown-elf/lib/rv32imac/ilp32\libc_nano.a(lib_a-impure.o)
                0x000000002000006c                _impure_ptr
 *(.gnu.linkonce.s.*)
                0x0000000020000070                . = ALIGN (0x8)
 *(.srodata.cst16)
 *(.srodata.cst8)
 *(.srodata.cst4)
 *(.srodata.cst2)
 *(.srodata .srodata.*)
                0x0000000020000070                . = ALIGN (0x4)
                0x0000000020000070                PROVIDE (_edata = .)
                [!provide]                        PROVIDE (edata = .)
                [!provide]                        PROVIDE (_fbss = .)
                0x0000000020000070                PROVIDE (__bss_start = .)

.bss            0x0000000020000070      0x4dc
 *(.sbss*)
 .sbss.lcd_conf
                0x0000000020000070        0x4 build/lcd.o
                0x0000000020000070                lcd_conf
 .sbss.r        0x0000000020000074        0x4 build/lcd.o
                0x0000000020000074                r
 .sbss.w        0x0000000020000078        0x4 build/lcd.o
                0x0000000020000078                w
 .sbss.last_time.5046
                0x000000002000007c        0x4 build/main.o
 .sbss.result_count
                0x0000000020000080        0x1 build/main.o
                0x0000000020000080                result_count
 *fill*         0x0000000020000081        0x3 
 .sbss._global_atexit
                0x0000000020000084        0x4 c:/users/nesre/documents/mikro/toolchain-gd32v-v202-win/compiler/bin/../lib/gcc/riscv64-unknown-elf/8.3.0/../../../../riscv64-unknown-elf/lib/rv32imac/ilp32\libc_nano.a(lib_a-__call_atexit.o)
                0x0000000020000084                _global_atexit
 .sbss.__malloc_free_list
                0x0000000020000088        0x4 c:/users/nesre/documents/mikro/toolchain-gd32v-v202-win/compiler/bin/../lib/gcc/riscv64-unknown-elf/8.3.0/../../../../riscv64-unknown-elf/lib/rv32imac/ilp32\libc_nano.a(lib_a-nano-mallocr.o)
                0x0000000020000088                __malloc_free_list
 .sbss.__malloc_sbrk_start
                0x000000002000008c        0x4 c:/users/nesre/documents/mikro/toolchain-gd32v-v202-win/compiler/bin/../lib/gcc/riscv64-unknown-elf/8.3.0/../../../../riscv64-unknown-elf/lib/rv32imac/ilp32\libc_nano.a(lib_a-nano-mallocr.o)
                0x000000002000008c                __malloc_sbrk_start
 *(.gnu.linkonce.sb.*)
 *(.bss .bss.*)
 .bss.queue     0x0000000020000090      0x400 build/lcd.o
                0x0000000020000090                queue
 .bss._global_atexit0
                0x0000000020000490       0x8c c:/users/nesre/documents/mikro/toolchain-gd32v-v202-win/compiler/bin/../lib/gcc/riscv64-unknown-elf/8.3.0/../../../../riscv64-unknown-elf/lib/rv32imac/ilp32\libc_nano.a(lib_a-__atexit.o)
 *(.gnu.linkonce.b.*)
 *(COMMON)
 COMMON         0x000000002000051c        0x4 build/lcd.o
                0x000000002000051c                BACK_COLOR
 COMMON         0x0000000020000520       0x28 build/main.o
                0x0000000020000520                results
 COMMON         0x0000000020000548        0x4 c:/users/nesre/documents/mikro/toolchain-gd32v-v202-win/compiler/bin/../lib/gcc/riscv64-unknown-elf/8.3.0/../../../../riscv64-unknown-elf/lib/rv32imac/ilp32\libc_nano.a(lib_a-reent.o)
                0x0000000020000548                errno
                0x000000002000054c                . = ALIGN (0x4)
                0x0000000020000550                . = ALIGN (0x8)
                0x0000000020000550                PROVIDE (_end = .)
                [!provide]                        PROVIDE (end = .)

.stack          0x0000000020007000     0x1000 load address 0x000000002000054c
                0x0000000020007000                PROVIDE (_heap_end = .)
                0x0000000000001000                . = __stack_size
 *fill*         0x0000000020007000     0x1000 
                0x0000000020008000                PROVIDE (_sp = .)
                0x0000000000001000                . = (__dbg_stack_size + __stack_size)
                [!provide]                        PROVIDE (_dbg_sp = .)
OUTPUT(build/gd32vf103.elf elf32-littleriscv)

.debug_info     0x0000000000000000    0x1131b
 .debug_info    0x0000000000000000      0x6f6 build/gd32vf103_gpio.o
 .debug_info    0x00000000000006f6      0xf51 build/gd32vf103_rcu.o
 .debug_info    0x0000000000001647      0xa73 build/gd32vf103_spi.o
 .debug_info    0x00000000000020ba     0x16ec build/gd32vf103_timer.o
 .debug_info    0x00000000000037a6      0x203 build/system_gd32vf103.o
 .debug_info    0x00000000000039a9      0x1d3 build/_exit.o
 .debug_info    0x0000000000003b7c       0xd0 build/sbrk.o
 .debug_info    0x0000000000003c4c      0x1bb build/write_hex.o
 .debug_info    0x0000000000003e07     0x18a2 build/n200_func.o
 .debug_info    0x00000000000056a9      0xb4f build/handlers.o
 .debug_info    0x00000000000061f8      0xcb0 build/init.o
 .debug_info    0x0000000000006ea8     0x2fa7 build/lcd.o
 .debug_info    0x0000000000009e4f     0x1309 build/main.o
 .debug_info    0x000000000000b158      0x572 build/pwm.o
 .debug_info    0x000000000000b6ca      0x2e2 build/vibrator.o
 .debug_info    0x000000000000b9ac       0x26 build/start.o
 .debug_info    0x000000000000b9d2       0x22 build/entry.o
 .debug_info    0x000000000000b9f4     0x1245 c:/users/nesre/documents/mikro/toolchain-gd32v-v202-win/compiler/bin/../lib/gcc/riscv64-unknown-elf/8.3.0/rv32imac/ilp32\libgcc.a(_udivdi3.o)
 .debug_info    0x000000000000cc39      0x734 c:/users/nesre/documents/mikro/toolchain-gd32v-v202-win/compiler/bin/../lib/gcc/riscv64-unknown-elf/8.3.0/rv32imac/ilp32\libgcc.a(divdf3.o)
 .debug_info    0x000000000000d36d      0x286 c:/users/nesre/documents/mikro/toolchain-gd32v-v202-win/compiler/bin/../lib/gcc/riscv64-unknown-elf/8.3.0/rv32imac/ilp32\libgcc.a(ledf2.o)
 .debug_info    0x000000000000d5f3      0x76c c:/users/nesre/documents/mikro/toolchain-gd32v-v202-win/compiler/bin/../lib/gcc/riscv64-unknown-elf/8.3.0/rv32imac/ilp32\libgcc.a(muldf3.o)
 .debug_info    0x000000000000dd5f      0x2af c:/users/nesre/documents/mikro/toolchain-gd32v-v202-win/compiler/bin/../lib/gcc/riscv64-unknown-elf/8.3.0/rv32imac/ilp32\libgcc.a(floatunsidf.o)
 .debug_info    0x000000000000e00e      0x2e8 c:/users/nesre/documents/mikro/toolchain-gd32v-v202-win/compiler/bin/../lib/gcc/riscv64-unknown-elf/8.3.0/rv32imac/ilp32\libgcc.a(floatundidf.o)
 .debug_info    0x000000000000e2f6      0xc72 c:/users/nesre/documents/mikro/toolchain-gd32v-v202-win/compiler/bin/../lib/gcc/riscv64-unknown-elf/8.3.0/rv32imac/ilp32\libgcc.a(_lshrdi3.o)
 .debug_info    0x000000000000ef68      0xc72 c:/users/nesre/documents/mikro/toolchain-gd32v-v202-win/compiler/bin/../lib/gcc/riscv64-unknown-elf/8.3.0/rv32imac/ilp32\libgcc.a(_ashldi3.o)
 .debug_info    0x000000000000fbda      0xb6a c:/users/nesre/documents/mikro/toolchain-gd32v-v202-win/compiler/bin/../lib/gcc/riscv64-unknown-elf/8.3.0/rv32imac/ilp32\libgcc.a(_clz.o)
 .debug_info    0x0000000000010744      0xbd7 c:/users/nesre/documents/mikro/toolchain-gd32v-v202-win/compiler/bin/../lib/gcc/riscv64-unknown-elf/8.3.0/rv32imac/ilp32\libgcc.a(_clzsi2.o)

.debug_abbrev   0x0000000000000000     0x3483
 .debug_abbrev  0x0000000000000000      0x228 build/gd32vf103_gpio.o
 .debug_abbrev  0x0000000000000228      0x259 build/gd32vf103_rcu.o
 .debug_abbrev  0x0000000000000481      0x21a build/gd32vf103_spi.o
 .debug_abbrev  0x000000000000069b      0x2c1 build/gd32vf103_timer.o
 .debug_abbrev  0x000000000000095c       0xe0 build/system_gd32vf103.o
 .debug_abbrev  0x0000000000000a3c       0xec build/_exit.o
 .debug_abbrev  0x0000000000000b28       0xac build/sbrk.o
 .debug_abbrev  0x0000000000000bd4       0xfa build/write_hex.o
 .debug_abbrev  0x0000000000000cce      0x4db build/n200_func.o
 .debug_abbrev  0x00000000000011a9      0x234 build/handlers.o
 .debug_abbrev  0x00000000000013dd      0x22b build/init.o
 .debug_abbrev  0x0000000000001608      0x55b build/lcd.o
 .debug_abbrev  0x0000000000001b63      0x305 build/main.o
 .debug_abbrev  0x0000000000001e68      0x16a build/pwm.o
 .debug_abbrev  0x0000000000001fd2       0xdd build/vibrator.o
 .debug_abbrev  0x00000000000020af       0x14 build/start.o
 .debug_abbrev  0x00000000000020c3       0x12 build/entry.o
 .debug_abbrev  0x00000000000020d5      0x2cc c:/users/nesre/documents/mikro/toolchain-gd32v-v202-win/compiler/bin/../lib/gcc/riscv64-unknown-elf/8.3.0/rv32imac/ilp32\libgcc.a(_udivdi3.o)
 .debug_abbrev  0x00000000000023a1      0x187 c:/users/nesre/documents/mikro/toolchain-gd32v-v202-win/compiler/bin/../lib/gcc/riscv64-unknown-elf/8.3.0/rv32imac/ilp32\libgcc.a(divdf3.o)
 .debug_abbrev  0x0000000000002528      0x199 c:/users/nesre/documents/mikro/toolchain-gd32v-v202-win/compiler/bin/../lib/gcc/riscv64-unknown-elf/8.3.0/rv32imac/ilp32\libgcc.a(ledf2.o)
 .debug_abbrev  0x00000000000026c1      0x197 c:/users/nesre/documents/mikro/toolchain-gd32v-v202-win/compiler/bin/../lib/gcc/riscv64-unknown-elf/8.3.0/rv32imac/ilp32\libgcc.a(muldf3.o)
 .debug_abbrev  0x0000000000002858      0x178 c:/users/nesre/documents/mikro/toolchain-gd32v-v202-win/compiler/bin/../lib/gcc/riscv64-unknown-elf/8.3.0/rv32imac/ilp32\libgcc.a(floatunsidf.o)
 .debug_abbrev  0x00000000000029d0      0x19f c:/users/nesre/documents/mikro/toolchain-gd32v-v202-win/compiler/bin/../lib/gcc/riscv64-unknown-elf/8.3.0/rv32imac/ilp32\libgcc.a(floatundidf.o)
 .debug_abbrev  0x0000000000002b6f      0x275 c:/users/nesre/documents/mikro/toolchain-gd32v-v202-win/compiler/bin/../lib/gcc/riscv64-unknown-elf/8.3.0/rv32imac/ilp32\libgcc.a(_lshrdi3.o)
 .debug_abbrev  0x0000000000002de4      0x275 c:/users/nesre/documents/mikro/toolchain-gd32v-v202-win/compiler/bin/../lib/gcc/riscv64-unknown-elf/8.3.0/rv32imac/ilp32\libgcc.a(_ashldi3.o)
 .debug_abbrev  0x0000000000003059      0x1e8 c:/users/nesre/documents/mikro/toolchain-gd32v-v202-win/compiler/bin/../lib/gcc/riscv64-unknown-elf/8.3.0/rv32imac/ilp32\libgcc.a(_clz.o)
 .debug_abbrev  0x0000000000003241      0x242 c:/users/nesre/documents/mikro/toolchain-gd32v-v202-win/compiler/bin/../lib/gcc/riscv64-unknown-elf/8.3.0/rv32imac/ilp32\libgcc.a(_clzsi2.o)

.debug_loc      0x0000000000000000     0x87eb
 .debug_loc     0x0000000000000000      0x4ba build/gd32vf103_gpio.o
 .debug_loc     0x00000000000004ba      0xcf4 build/gd32vf103_rcu.o
 .debug_loc     0x00000000000011ae      0x54e build/gd32vf103_spi.o
 .debug_loc     0x00000000000016fc      0xef4 build/gd32vf103_timer.o
 .debug_loc     0x00000000000025f0      0x173 build/system_gd32vf103.o
 .debug_loc     0x0000000000002763       0x3e build/_exit.o
 .debug_loc     0x00000000000027a1       0x21 build/sbrk.o
 .debug_loc     0x00000000000027c2      0x101 build/write_hex.o
 .debug_loc     0x00000000000028c3      0xa1d build/n200_func.o
 .debug_loc     0x00000000000032e0       0x7f build/handlers.o
 .debug_loc     0x000000000000335f       0x2c build/init.o
 .debug_loc     0x000000000000338b     0x1ed7 build/lcd.o
 .debug_loc     0x0000000000005262      0x206 build/main.o
 .debug_loc     0x0000000000005468       0x79 build/pwm.o
 .debug_loc     0x00000000000054e1       0x2c build/vibrator.o
 .debug_loc     0x000000000000550d      0xbd0 c:/users/nesre/documents/mikro/toolchain-gd32v-v202-win/compiler/bin/../lib/gcc/riscv64-unknown-elf/8.3.0/rv32imac/ilp32\libgcc.a(_udivdi3.o)
 .debug_loc     0x00000000000060dd     0x129b c:/users/nesre/documents/mikro/toolchain-gd32v-v202-win/compiler/bin/../lib/gcc/riscv64-unknown-elf/8.3.0/rv32imac/ilp32\libgcc.a(divdf3.o)
 .debug_loc     0x0000000000007378      0x156 c:/users/nesre/documents/mikro/toolchain-gd32v-v202-win/compiler/bin/../lib/gcc/riscv64-unknown-elf/8.3.0/rv32imac/ilp32\libgcc.a(ledf2.o)
 .debug_loc     0x00000000000074ce      0xd6e c:/users/nesre/documents/mikro/toolchain-gd32v-v202-win/compiler/bin/../lib/gcc/riscv64-unknown-elf/8.3.0/rv32imac/ilp32\libgcc.a(muldf3.o)
 .debug_loc     0x000000000000823c      0x15c c:/users/nesre/documents/mikro/toolchain-gd32v-v202-win/compiler/bin/../lib/gcc/riscv64-unknown-elf/8.3.0/rv32imac/ilp32\libgcc.a(floatunsidf.o)
 .debug_loc     0x0000000000008398      0x2ec c:/users/nesre/documents/mikro/toolchain-gd32v-v202-win/compiler/bin/../lib/gcc/riscv64-unknown-elf/8.3.0/rv32imac/ilp32\libgcc.a(floatundidf.o)
 .debug_loc     0x0000000000008684       0x7e c:/users/nesre/documents/mikro/toolchain-gd32v-v202-win/compiler/bin/../lib/gcc/riscv64-unknown-elf/8.3.0/rv32imac/ilp32\libgcc.a(_lshrdi3.o)
 .debug_loc     0x0000000000008702       0x7e c:/users/nesre/documents/mikro/toolchain-gd32v-v202-win/compiler/bin/../lib/gcc/riscv64-unknown-elf/8.3.0/rv32imac/ilp32\libgcc.a(_ashldi3.o)
 .debug_loc     0x0000000000008780       0x6b c:/users/nesre/documents/mikro/toolchain-gd32v-v202-win/compiler/bin/../lib/gcc/riscv64-unknown-elf/8.3.0/rv32imac/ilp32\libgcc.a(_clzsi2.o)

.debug_aranges  0x0000000000000000      0xa88
 .debug_aranges
                0x0000000000000000       0xa0 build/gd32vf103_gpio.o
 .debug_aranges
                0x00000000000000a0      0x160 build/gd32vf103_rcu.o
 .debug_aranges
                0x0000000000000200      0x128 build/gd32vf103_spi.o
 .debug_aranges
                0x0000000000000328      0x240 build/gd32vf103_timer.o
 .debug_aranges
                0x0000000000000568       0x28 build/system_gd32vf103.o
 .debug_aranges
                0x0000000000000590       0x20 build/_exit.o
 .debug_aranges
                0x00000000000005b0       0x20 build/sbrk.o
 .debug_aranges
                0x00000000000005d0       0x20 build/write_hex.o
 .debug_aranges
                0x00000000000005f0      0x140 build/n200_func.o
 .debug_aranges
                0x0000000000000730       0x28 build/handlers.o
 .debug_aranges
                0x0000000000000758       0x28 build/init.o
 .debug_aranges
                0x0000000000000780       0xf0 build/lcd.o
 .debug_aranges
                0x0000000000000870       0x40 build/main.o
 .debug_aranges
                0x00000000000008b0       0x28 build/pwm.o
 .debug_aranges
                0x00000000000008d8       0x30 build/vibrator.o
 .debug_aranges
                0x0000000000000908       0x20 build/start.o
 .debug_aranges
                0x0000000000000928       0x28 build/entry.o
 .debug_aranges
                0x0000000000000950       0x20 c:/users/nesre/documents/mikro/toolchain-gd32v-v202-win/compiler/bin/../lib/gcc/riscv64-unknown-elf/8.3.0/rv32imac/ilp32\libgcc.a(_udivdi3.o)
 .debug_aranges
                0x0000000000000970       0x20 c:/users/nesre/documents/mikro/toolchain-gd32v-v202-win/compiler/bin/../lib/gcc/riscv64-unknown-elf/8.3.0/rv32imac/ilp32\libgcc.a(divdf3.o)
 .debug_aranges
                0x0000000000000990       0x20 c:/users/nesre/documents/mikro/toolchain-gd32v-v202-win/compiler/bin/../lib/gcc/riscv64-unknown-elf/8.3.0/rv32imac/ilp32\libgcc.a(ledf2.o)
 .debug_aranges
                0x00000000000009b0       0x20 c:/users/nesre/documents/mikro/toolchain-gd32v-v202-win/compiler/bin/../lib/gcc/riscv64-unknown-elf/8.3.0/rv32imac/ilp32\libgcc.a(muldf3.o)
 .debug_aranges
                0x00000000000009d0       0x20 c:/users/nesre/documents/mikro/toolchain-gd32v-v202-win/compiler/bin/../lib/gcc/riscv64-unknown-elf/8.3.0/rv32imac/ilp32\libgcc.a(floatunsidf.o)
 .debug_aranges
                0x00000000000009f0       0x20 c:/users/nesre/documents/mikro/toolchain-gd32v-v202-win/compiler/bin/../lib/gcc/riscv64-unknown-elf/8.3.0/rv32imac/ilp32\libgcc.a(floatundidf.o)
 .debug_aranges
                0x0000000000000a10       0x20 c:/users/nesre/documents/mikro/toolchain-gd32v-v202-win/compiler/bin/../lib/gcc/riscv64-unknown-elf/8.3.0/rv32imac/ilp32\libgcc.a(_lshrdi3.o)
 .debug_aranges
                0x0000000000000a30       0x20 c:/users/nesre/documents/mikro/toolchain-gd32v-v202-win/compiler/bin/../lib/gcc/riscv64-unknown-elf/8.3.0/rv32imac/ilp32\libgcc.a(_ashldi3.o)
 .debug_aranges
                0x0000000000000a50       0x18 c:/users/nesre/documents/mikro/toolchain-gd32v-v202-win/compiler/bin/../lib/gcc/riscv64-unknown-elf/8.3.0/rv32imac/ilp32\libgcc.a(_clz.o)
 .debug_aranges
                0x0000000000000a68       0x20 c:/users/nesre/documents/mikro/toolchain-gd32v-v202-win/compiler/bin/../lib/gcc/riscv64-unknown-elf/8.3.0/rv32imac/ilp32\libgcc.a(_clzsi2.o)

.debug_ranges   0x0000000000000000     0x1078
 .debug_ranges  0x0000000000000000       0x90 build/gd32vf103_gpio.o
 .debug_ranges  0x0000000000000090      0x150 build/gd32vf103_rcu.o
 .debug_ranges  0x00000000000001e0      0x118 build/gd32vf103_spi.o
 .debug_ranges  0x00000000000002f8      0x270 build/gd32vf103_timer.o
 .debug_ranges  0x0000000000000568       0x18 build/system_gd32vf103.o
 .debug_ranges  0x0000000000000580       0x10 build/_exit.o
 .debug_ranges  0x0000000000000590       0x10 build/sbrk.o
 .debug_ranges  0x00000000000005a0       0x30 build/write_hex.o
 .debug_ranges  0x00000000000005d0      0x240 build/n200_func.o
 .debug_ranges  0x0000000000000810       0x18 build/handlers.o
 .debug_ranges  0x0000000000000828       0x18 build/init.o
 .debug_ranges  0x0000000000000840      0x1b0 build/lcd.o
 .debug_ranges  0x00000000000009f0       0x98 build/main.o
 .debug_ranges  0x0000000000000a88       0x18 build/pwm.o
 .debug_ranges  0x0000000000000aa0       0x20 build/vibrator.o
 .debug_ranges  0x0000000000000ac0       0x20 build/entry.o
 .debug_ranges  0x0000000000000ae0      0x100 c:/users/nesre/documents/mikro/toolchain-gd32v-v202-win/compiler/bin/../lib/gcc/riscv64-unknown-elf/8.3.0/rv32imac/ilp32\libgcc.a(_udivdi3.o)
 .debug_ranges  0x0000000000000be0      0x180 c:/users/nesre/documents/mikro/toolchain-gd32v-v202-win/compiler/bin/../lib/gcc/riscv64-unknown-elf/8.3.0/rv32imac/ilp32\libgcc.a(divdf3.o)
 .debug_ranges  0x0000000000000d60       0x68 c:/users/nesre/documents/mikro/toolchain-gd32v-v202-win/compiler/bin/../lib/gcc/riscv64-unknown-elf/8.3.0/rv32imac/ilp32\libgcc.a(ledf2.o)
 .debug_ranges  0x0000000000000dc8      0x1c0 c:/users/nesre/documents/mikro/toolchain-gd32v-v202-win/compiler/bin/../lib/gcc/riscv64-unknown-elf/8.3.0/rv32imac/ilp32\libgcc.a(muldf3.o)
 .debug_ranges  0x0000000000000f88       0x68 c:/users/nesre/documents/mikro/toolchain-gd32v-v202-win/compiler/bin/../lib/gcc/riscv64-unknown-elf/8.3.0/rv32imac/ilp32\libgcc.a(floatunsidf.o)
 .debug_ranges  0x0000000000000ff0       0x68 c:/users/nesre/documents/mikro/toolchain-gd32v-v202-win/compiler/bin/../lib/gcc/riscv64-unknown-elf/8.3.0/rv32imac/ilp32\libgcc.a(floatundidf.o)
 .debug_ranges  0x0000000000001058       0x20 c:/users/nesre/documents/mikro/toolchain-gd32v-v202-win/compiler/bin/../lib/gcc/riscv64-unknown-elf/8.3.0/rv32imac/ilp32\libgcc.a(_clzsi2.o)

.debug_line     0x0000000000000000     0xecbf
 .debug_line    0x0000000000000000      0xb2c build/gd32vf103_gpio.o
 .debug_line    0x0000000000000b2c     0x151f build/gd32vf103_rcu.o
 .debug_line    0x000000000000204b      0xe41 build/gd32vf103_spi.o
 .debug_line    0x0000000000002e8c     0x2b0b build/gd32vf103_timer.o
 .debug_line    0x0000000000005997      0x6c1 build/system_gd32vf103.o
 .debug_line    0x0000000000006058      0x14e build/_exit.o
 .debug_line    0x00000000000061a6      0x13e build/sbrk.o
 .debug_line    0x00000000000062e4      0x249 build/write_hex.o
 .debug_line    0x000000000000652d     0x12dd build/n200_func.o
 .debug_line    0x000000000000780a      0x27b build/handlers.o
 .debug_line    0x0000000000007a85      0x2be build/init.o
 .debug_line    0x0000000000007d43     0x1e83 build/lcd.o
 .debug_line    0x0000000000009bc6      0x8ed build/main.o
 .debug_line    0x000000000000a4b3      0x352 build/pwm.o
 .debug_line    0x000000000000a805      0x250 build/vibrator.o
 .debug_line    0x000000000000aa55      0x189 build/start.o
 .debug_line    0x000000000000abde       0xe5 build/entry.o
 .debug_line    0x000000000000acc3      0xab4 c:/users/nesre/documents/mikro/toolchain-gd32v-v202-win/compiler/bin/../lib/gcc/riscv64-unknown-elf/8.3.0/rv32imac/ilp32\libgcc.a(_udivdi3.o)
 .debug_line    0x000000000000b777      0xe35 c:/users/nesre/documents/mikro/toolchain-gd32v-v202-win/compiler/bin/../lib/gcc/riscv64-unknown-elf/8.3.0/rv32imac/ilp32\libgcc.a(divdf3.o)
 .debug_line    0x000000000000c5ac      0x303 c:/users/nesre/documents/mikro/toolchain-gd32v-v202-win/compiler/bin/../lib/gcc/riscv64-unknown-elf/8.3.0/rv32imac/ilp32\libgcc.a(ledf2.o)
 .debug_line    0x000000000000c8af      0xbf8 c:/users/nesre/documents/mikro/toolchain-gd32v-v202-win/compiler/bin/../lib/gcc/riscv64-unknown-elf/8.3.0/rv32imac/ilp32\libgcc.a(muldf3.o)
 .debug_line    0x000000000000d4a7      0x239 c:/users/nesre/documents/mikro/toolchain-gd32v-v202-win/compiler/bin/../lib/gcc/riscv64-unknown-elf/8.3.0/rv32imac/ilp32\libgcc.a(floatunsidf.o)
 .debug_line    0x000000000000d6e0      0x3f5 c:/users/nesre/documents/mikro/toolchain-gd32v-v202-win/compiler/bin/../lib/gcc/riscv64-unknown-elf/8.3.0/rv32imac/ilp32\libgcc.a(floatundidf.o)
 .debug_line    0x000000000000dad5      0x4c4 c:/users/nesre/documents/mikro/toolchain-gd32v-v202-win/compiler/bin/../lib/gcc/riscv64-unknown-elf/8.3.0/rv32imac/ilp32\libgcc.a(_lshrdi3.o)
 .debug_line    0x000000000000df99      0x4c4 c:/users/nesre/documents/mikro/toolchain-gd32v-v202-win/compiler/bin/../lib/gcc/riscv64-unknown-elf/8.3.0/rv32imac/ilp32\libgcc.a(_ashldi3.o)
 .debug_line    0x000000000000e45d      0x3f0 c:/users/nesre/documents/mikro/toolchain-gd32v-v202-win/compiler/bin/../lib/gcc/riscv64-unknown-elf/8.3.0/rv32imac/ilp32\libgcc.a(_clz.o)
 .debug_line    0x000000000000e84d      0x472 c:/users/nesre/documents/mikro/toolchain-gd32v-v202-win/compiler/bin/../lib/gcc/riscv64-unknown-elf/8.3.0/rv32imac/ilp32\libgcc.a(_clzsi2.o)

.debug_str      0x0000000000000000     0x39d5
 .debug_str     0x0000000000000000      0x53d build/gd32vf103_gpio.o
                                        0x5ad (size before relaxing)
 .debug_str     0x000000000000053d      0xa92 build/gd32vf103_rcu.o
                                        0xe2c (size before relaxing)
 .debug_str     0x0000000000000fcf      0x3ae build/gd32vf103_spi.o
                                        0x779 (size before relaxing)
 .debug_str     0x000000000000137d      0xb1a build/gd32vf103_timer.o
                                        0xef1 (size before relaxing)
 .debug_str     0x0000000000001e97       0xa6 build/system_gd32vf103.o
                                        0x27f (size before relaxing)
 .debug_str     0x0000000000001f3d       0x68 build/_exit.o
                                        0x1ee (size before relaxing)
 .debug_str     0x0000000000001fa5       0x4a build/sbrk.o
                                        0x15a (size before relaxing)
 .debug_str     0x0000000000001fef       0x37 build/write_hex.o
                                        0x1e7 (size before relaxing)
 .debug_str     0x0000000000002026      0x740 build/n200_func.o
                                        0x98b (size before relaxing)
 .debug_str     0x0000000000002766       0x58 build/handlers.o
                                        0x5e4 (size before relaxing)
 .debug_str     0x00000000000027be      0x3e7 build/init.o
                                        0x9b4 (size before relaxing)
 .debug_str     0x0000000000002ba5      0x254 build/lcd.o
                                        0xabb (size before relaxing)
 .debug_str     0x0000000000002df9      0x16b build/main.o
                                        0x8bd (size before relaxing)
 .debug_str     0x0000000000002f64       0x26 build/pwm.o
                                        0x547 (size before relaxing)
 .debug_str     0x0000000000002f8a        0xb build/vibrator.o
                                        0x366 (size before relaxing)
 .debug_str     0x0000000000002f95       0x37 build/start.o
                                         0x7b (size before relaxing)
 .debug_str     0x0000000000002fcc       0x2b build/entry.o
                                         0x7b (size before relaxing)
 .debug_str     0x0000000000002ff7      0x3f6 c:/users/nesre/documents/mikro/toolchain-gd32v-v202-win/compiler/bin/../lib/gcc/riscv64-unknown-elf/8.3.0/rv32imac/ilp32\libgcc.a(_udivdi3.o)
                                        0x8ca (size before relaxing)
 .debug_str     0x00000000000033ed      0x29f c:/users/nesre/documents/mikro/toolchain-gd32v-v202-win/compiler/bin/../lib/gcc/riscv64-unknown-elf/8.3.0/rv32imac/ilp32\libgcc.a(divdf3.o)
                                        0x452 (size before relaxing)
 .debug_str     0x000000000000368c       0x7b c:/users/nesre/documents/mikro/toolchain-gd32v-v202-win/compiler/bin/../lib/gcc/riscv64-unknown-elf/8.3.0/rv32imac/ilp32\libgcc.a(ledf2.o)
                                        0x2ce (size before relaxing)
 .debug_str     0x0000000000003707      0x15f c:/users/nesre/documents/mikro/toolchain-gd32v-v202-win/compiler/bin/../lib/gcc/riscv64-unknown-elf/8.3.0/rv32imac/ilp32\libgcc.a(muldf3.o)
                                        0x4aa (size before relaxing)
 .debug_str     0x0000000000003866       0xf5 c:/users/nesre/documents/mikro/toolchain-gd32v-v202-win/compiler/bin/../lib/gcc/riscv64-unknown-elf/8.3.0/rv32imac/ilp32\libgcc.a(floatunsidf.o)
                                        0x33a (size before relaxing)
 .debug_str     0x000000000000395b       0x44 c:/users/nesre/documents/mikro/toolchain-gd32v-v202-win/compiler/bin/../lib/gcc/riscv64-unknown-elf/8.3.0/rv32imac/ilp32\libgcc.a(floatundidf.o)
                                        0x344 (size before relaxing)
 .debug_str     0x000000000000399f       0x23 c:/users/nesre/documents/mikro/toolchain-gd32v-v202-win/compiler/bin/../lib/gcc/riscv64-unknown-elf/8.3.0/rv32imac/ilp32\libgcc.a(_lshrdi3.o)
                                        0x860 (size before relaxing)
 .debug_str     0x00000000000039c2        0xa c:/users/nesre/documents/mikro/toolchain-gd32v-v202-win/compiler/bin/../lib/gcc/riscv64-unknown-elf/8.3.0/rv32imac/ilp32\libgcc.a(_ashldi3.o)
                                        0x860 (size before relaxing)
 .debug_str     0x00000000000039cc      0x811 c:/users/nesre/documents/mikro/toolchain-gd32v-v202-win/compiler/bin/../lib/gcc/riscv64-unknown-elf/8.3.0/rv32imac/ilp32\libgcc.a(_clz.o)
 .debug_str     0x00000000000039cc        0x9 c:/users/nesre/documents/mikro/toolchain-gd32v-v202-win/compiler/bin/../lib/gcc/riscv64-unknown-elf/8.3.0/rv32imac/ilp32\libgcc.a(_clzsi2.o)
                                        0x82e (size before relaxing)

.comment        0x0000000000000000       0x28
 .comment       0x0000000000000000       0x28 build/gd32vf103_gpio.o
                                         0x29 (size before relaxing)
 .comment       0x0000000000000028       0x29 build/gd32vf103_rcu.o
 .comment       0x0000000000000028       0x29 build/gd32vf103_spi.o
 .comment       0x0000000000000028       0x29 build/gd32vf103_timer.o
 .comment       0x0000000000000028       0x29 build/system_gd32vf103.o
 .comment       0x0000000000000028       0x29 build/_exit.o
 .comment       0x0000000000000028       0x29 build/sbrk.o
 .comment       0x0000000000000028       0x29 build/write_hex.o
 .comment       0x0000000000000028       0x29 build/n200_func.o
 .comment       0x0000000000000028       0x29 build/handlers.o
 .comment       0x0000000000000028       0x29 build/init.o
 .comment       0x0000000000000028       0x29 build/lcd.o
 .comment       0x0000000000000028       0x29 build/main.o
 .comment       0x0000000000000028       0x29 build/pwm.o
 .comment       0x0000000000000028       0x29 build/vibrator.o
 .comment       0x0000000000000028       0x29 c:/users/nesre/documents/mikro/toolchain-gd32v-v202-win/compiler/bin/../lib/gcc/riscv64-unknown-elf/8.3.0/rv32imac/ilp32\libgcc.a(_udivdi3.o)
 .comment       0x0000000000000028       0x29 c:/users/nesre/documents/mikro/toolchain-gd32v-v202-win/compiler/bin/../lib/gcc/riscv64-unknown-elf/8.3.0/rv32imac/ilp32\libgcc.a(divdf3.o)
 .comment       0x0000000000000028       0x29 c:/users/nesre/documents/mikro/toolchain-gd32v-v202-win/compiler/bin/../lib/gcc/riscv64-unknown-elf/8.3.0/rv32imac/ilp32\libgcc.a(ledf2.o)
 .comment       0x0000000000000028       0x29 c:/users/nesre/documents/mikro/toolchain-gd32v-v202-win/compiler/bin/../lib/gcc/riscv64-unknown-elf/8.3.0/rv32imac/ilp32\libgcc.a(muldf3.o)
 .comment       0x0000000000000028       0x29 c:/users/nesre/documents/mikro/toolchain-gd32v-v202-win/compiler/bin/../lib/gcc/riscv64-unknown-elf/8.3.0/rv32imac/ilp32\libgcc.a(floatunsidf.o)
 .comment       0x0000000000000028       0x29 c:/users/nesre/documents/mikro/toolchain-gd32v-v202-win/compiler/bin/../lib/gcc/riscv64-unknown-elf/8.3.0/rv32imac/ilp32\libgcc.a(floatundidf.o)
 .comment       0x0000000000000028       0x29 c:/users/nesre/documents/mikro/toolchain-gd32v-v202-win/compiler/bin/../lib/gcc/riscv64-unknown-elf/8.3.0/rv32imac/ilp32\libgcc.a(_lshrdi3.o)
 .comment       0x0000000000000028       0x29 c:/users/nesre/documents/mikro/toolchain-gd32v-v202-win/compiler/bin/../lib/gcc/riscv64-unknown-elf/8.3.0/rv32imac/ilp32\libgcc.a(_ashldi3.o)
 .comment       0x0000000000000028       0x29 c:/users/nesre/documents/mikro/toolchain-gd32v-v202-win/compiler/bin/../lib/gcc/riscv64-unknown-elf/8.3.0/rv32imac/ilp32\libgcc.a(_clz.o)
 .comment       0x0000000000000028       0x29 c:/users/nesre/documents/mikro/toolchain-gd32v-v202-win/compiler/bin/../lib/gcc/riscv64-unknown-elf/8.3.0/rv32imac/ilp32\libgcc.a(_clzsi2.o)
 .comment       0x0000000000000028       0x29 c:/users/nesre/documents/mikro/toolchain-gd32v-v202-win/compiler/bin/../lib/gcc/riscv64-unknown-elf/8.3.0/../../../../riscv64-unknown-elf/lib/rv32imac/ilp32\libc_nano.a(lib_a-atexit.o)
 .comment       0x0000000000000028       0x29 c:/users/nesre/documents/mikro/toolchain-gd32v-v202-win/compiler/bin/../lib/gcc/riscv64-unknown-elf/8.3.0/../../../../riscv64-unknown-elf/lib/rv32imac/ilp32\libc_nano.a(lib_a-exit.o)
 .comment       0x0000000000000028       0x29 c:/users/nesre/documents/mikro/toolchain-gd32v-v202-win/compiler/bin/../lib/gcc/riscv64-unknown-elf/8.3.0/../../../../riscv64-unknown-elf/lib/rv32imac/ilp32\libc_nano.a(lib_a-fini.o)
 .comment       0x0000000000000028       0x29 c:/users/nesre/documents/mikro/toolchain-gd32v-v202-win/compiler/bin/../lib/gcc/riscv64-unknown-elf/8.3.0/../../../../riscv64-unknown-elf/lib/rv32imac/ilp32\libc_nano.a(lib_a-impure.o)
 .comment       0x0000000000000028       0x29 c:/users/nesre/documents/mikro/toolchain-gd32v-v202-win/compiler/bin/../lib/gcc/riscv64-unknown-elf/8.3.0/../../../../riscv64-unknown-elf/lib/rv32imac/ilp32\libc_nano.a(lib_a-init.o)
 .comment       0x0000000000000028       0x29 c:/users/nesre/documents/mikro/toolchain-gd32v-v202-win/compiler/bin/../lib/gcc/riscv64-unknown-elf/8.3.0/../../../../riscv64-unknown-elf/lib/rv32imac/ilp32\libc_nano.a(lib_a-rand.o)
 .comment       0x0000000000000028       0x29 c:/users/nesre/documents/mikro/toolchain-gd32v-v202-win/compiler/bin/../lib/gcc/riscv64-unknown-elf/8.3.0/../../../../riscv64-unknown-elf/lib/rv32imac/ilp32\libc_nano.a(lib_a-sprintf.o)
 .comment       0x0000000000000028       0x29 c:/users/nesre/documents/mikro/toolchain-gd32v-v202-win/compiler/bin/../lib/gcc/riscv64-unknown-elf/8.3.0/../../../../riscv64-unknown-elf/lib/rv32imac/ilp32\libc_nano.a(lib_a-syswrite.o)
 .comment       0x0000000000000028       0x29 c:/users/nesre/documents/mikro/toolchain-gd32v-v202-win/compiler/bin/../lib/gcc/riscv64-unknown-elf/8.3.0/../../../../riscv64-unknown-elf/lib/rv32imac/ilp32\libc_nano.a(lib_a-writer.o)
 .comment       0x0000000000000028       0x29 c:/users/nesre/documents/mikro/toolchain-gd32v-v202-win/compiler/bin/../lib/gcc/riscv64-unknown-elf/8.3.0/../../../../riscv64-unknown-elf/lib/rv32imac/ilp32\libc_nano.a(lib_a-__atexit.o)
 .comment       0x0000000000000028       0x29 c:/users/nesre/documents/mikro/toolchain-gd32v-v202-win/compiler/bin/../lib/gcc/riscv64-unknown-elf/8.3.0/../../../../riscv64-unknown-elf/lib/rv32imac/ilp32\libc_nano.a(lib_a-__call_atexit.o)
 .comment       0x0000000000000028       0x29 c:/users/nesre/documents/mikro/toolchain-gd32v-v202-win/compiler/bin/../lib/gcc/riscv64-unknown-elf/8.3.0/../../../../riscv64-unknown-elf/lib/rv32imac/ilp32\libc_nano.a(lib_a-malloc.o)
 .comment       0x0000000000000028       0x29 c:/users/nesre/documents/mikro/toolchain-gd32v-v202-win/compiler/bin/../lib/gcc/riscv64-unknown-elf/8.3.0/../../../../riscv64-unknown-elf/lib/rv32imac/ilp32\libc_nano.a(lib_a-nano-freer.o)
 .comment       0x0000000000000028       0x29 c:/users/nesre/documents/mikro/toolchain-gd32v-v202-win/compiler/bin/../lib/gcc/riscv64-unknown-elf/8.3.0/../../../../riscv64-unknown-elf/lib/rv32imac/ilp32\libc_nano.a(lib_a-nano-mallocr.o)
 .comment       0x0000000000000028       0x29 c:/users/nesre/documents/mikro/toolchain-gd32v-v202-win/compiler/bin/../lib/gcc/riscv64-unknown-elf/8.3.0/../../../../riscv64-unknown-elf/lib/rv32imac/ilp32\libc_nano.a(lib_a-nano-svfprintf.o)
 .comment       0x0000000000000028       0x29 c:/users/nesre/documents/mikro/toolchain-gd32v-v202-win/compiler/bin/../lib/gcc/riscv64-unknown-elf/8.3.0/../../../../riscv64-unknown-elf/lib/rv32imac/ilp32\libc_nano.a(lib_a-nano-vfprintf_i.o)
 .comment       0x0000000000000028       0x29 c:/users/nesre/documents/mikro/toolchain-gd32v-v202-win/compiler/bin/../lib/gcc/riscv64-unknown-elf/8.3.0/../../../../riscv64-unknown-elf/lib/rv32imac/ilp32\libc_nano.a(lib_a-reent.o)
 .comment       0x0000000000000028       0x29 c:/users/nesre/documents/mikro/toolchain-gd32v-v202-win/compiler/bin/../lib/gcc/riscv64-unknown-elf/8.3.0/../../../../riscv64-unknown-elf/lib/rv32imac/ilp32\libc_nano.a(lib_a-sbrkr.o)
 .comment       0x0000000000000028       0x29 c:/users/nesre/documents/mikro/toolchain-gd32v-v202-win/compiler/bin/../lib/gcc/riscv64-unknown-elf/8.3.0/../../../../riscv64-unknown-elf/lib/rv32imac/ilp32\libc_nano.a(lib_a-memchr.o)
 .comment       0x0000000000000028       0x29 c:/users/nesre/documents/mikro/toolchain-gd32v-v202-win/compiler/bin/../lib/gcc/riscv64-unknown-elf/8.3.0/../../../../riscv64-unknown-elf/lib/rv32imac/ilp32\libc_nano.a(lib_a-mlock.o)
 .comment       0x0000000000000028       0x29 c:/users/nesre/documents/mikro/toolchain-gd32v-v202-win/compiler/bin/../lib/gcc/riscv64-unknown-elf/8.3.0/../../../../riscv64-unknown-elf/lib/rv32imac/ilp32\libc_nano.a(lib_a-nano-reallocr.o)
 .comment       0x0000000000000028       0x29 c:/users/nesre/documents/mikro/toolchain-gd32v-v202-win/compiler/bin/../lib/gcc/riscv64-unknown-elf/8.3.0/../../../../riscv64-unknown-elf/lib/rv32imac/ilp32\libc_nano.a(lib_a-nano-msizer.o)
 .comment       0x0000000000000028       0x29 c:/users/nesre/documents/mikro/toolchain-gd32v-v202-win/compiler/bin/../lib/gcc/riscv64-unknown-elf/8.3.0/../../../../riscv64-unknown-elf/lib/rv32imac/ilp32\libgloss_nano.a(sys_write.o)
 .comment       0x0000000000000028       0x29 c:/users/nesre/documents/mikro/toolchain-gd32v-v202-win/compiler/bin/../lib/gcc/riscv64-unknown-elf/8.3.0/../../../../riscv64-unknown-elf/lib/rv32imac/ilp32\libc_nano.a(lib_a-errno.o)

.riscv.attributes
                0x0000000000000000       0x2b
 .riscv.attributes
                0x0000000000000000       0x2b build/gd32vf103_gpio.o
 .riscv.attributes
                0x000000000000002b       0x2b build/gd32vf103_rcu.o
 .riscv.attributes
                0x0000000000000056       0x2b build/gd32vf103_spi.o
 .riscv.attributes
                0x0000000000000081       0x2b build/gd32vf103_timer.o
 .riscv.attributes
                0x00000000000000ac       0x2b build/system_gd32vf103.o
 .riscv.attributes
                0x00000000000000d7       0x2b build/_exit.o
 .riscv.attributes
                0x0000000000000102       0x2b build/sbrk.o
 .riscv.attributes
                0x000000000000012d       0x2b build/write_hex.o
 .riscv.attributes
                0x0000000000000158       0x2b build/n200_func.o
 .riscv.attributes
                0x0000000000000183       0x2b build/handlers.o
 .riscv.attributes
                0x00000000000001ae       0x2b build/init.o
 .riscv.attributes
                0x00000000000001d9       0x2b build/lcd.o
 .riscv.attributes
                0x0000000000000204       0x2b build/main.o
 .riscv.attributes
                0x000000000000022f       0x2b build/pwm.o
 .riscv.attributes
                0x000000000000025a       0x2b build/vibrator.o
 .riscv.attributes
                0x0000000000000285       0x29 build/start.o
 .riscv.attributes
                0x00000000000002ae       0x29 build/entry.o
 .riscv.attributes
                0x00000000000002d7       0x2b c:/users/nesre/documents/mikro/toolchain-gd32v-v202-win/compiler/bin/../lib/gcc/riscv64-unknown-elf/8.3.0/rv32imac/ilp32\libgcc.a(_udivdi3.o)
 .riscv.attributes
                0x0000000000000302       0x2b c:/users/nesre/documents/mikro/toolchain-gd32v-v202-win/compiler/bin/../lib/gcc/riscv64-unknown-elf/8.3.0/rv32imac/ilp32\libgcc.a(divdf3.o)
 .riscv.attributes
                0x000000000000032d       0x2b c:/users/nesre/documents/mikro/toolchain-gd32v-v202-win/compiler/bin/../lib/gcc/riscv64-unknown-elf/8.3.0/rv32imac/ilp32\libgcc.a(ledf2.o)
 .riscv.attributes
                0x0000000000000358       0x2b c:/users/nesre/documents/mikro/toolchain-gd32v-v202-win/compiler/bin/../lib/gcc/riscv64-unknown-elf/8.3.0/rv32imac/ilp32\libgcc.a(muldf3.o)
 .riscv.attributes
                0x0000000000000383       0x2b c:/users/nesre/documents/mikro/toolchain-gd32v-v202-win/compiler/bin/../lib/gcc/riscv64-unknown-elf/8.3.0/rv32imac/ilp32\libgcc.a(floatunsidf.o)
 .riscv.attributes
                0x00000000000003ae       0x2b c:/users/nesre/documents/mikro/toolchain-gd32v-v202-win/compiler/bin/../lib/gcc/riscv64-unknown-elf/8.3.0/rv32imac/ilp32\libgcc.a(floatundidf.o)
 .riscv.attributes
                0x00000000000003d9       0x2b c:/users/nesre/documents/mikro/toolchain-gd32v-v202-win/compiler/bin/../lib/gcc/riscv64-unknown-elf/8.3.0/rv32imac/ilp32\libgcc.a(_lshrdi3.o)
 .riscv.attributes
                0x0000000000000404       0x2b c:/users/nesre/documents/mikro/toolchain-gd32v-v202-win/compiler/bin/../lib/gcc/riscv64-unknown-elf/8.3.0/rv32imac/ilp32\libgcc.a(_ashldi3.o)
 .riscv.attributes
                0x000000000000042f       0x2b c:/users/nesre/documents/mikro/toolchain-gd32v-v202-win/compiler/bin/../lib/gcc/riscv64-unknown-elf/8.3.0/rv32imac/ilp32\libgcc.a(_clz.o)
 .riscv.attributes
                0x000000000000045a       0x2b c:/users/nesre/documents/mikro/toolchain-gd32v-v202-win/compiler/bin/../lib/gcc/riscv64-unknown-elf/8.3.0/rv32imac/ilp32\libgcc.a(_clzsi2.o)
 .riscv.attributes
                0x0000000000000485       0x2b c:/users/nesre/documents/mikro/toolchain-gd32v-v202-win/compiler/bin/../lib/gcc/riscv64-unknown-elf/8.3.0/../../../../riscv64-unknown-elf/lib/rv32imac/ilp32\libc_nano.a(lib_a-atexit.o)
 .riscv.attributes
                0x00000000000004b0       0x2b c:/users/nesre/documents/mikro/toolchain-gd32v-v202-win/compiler/bin/../lib/gcc/riscv64-unknown-elf/8.3.0/../../../../riscv64-unknown-elf/lib/rv32imac/ilp32\libc_nano.a(lib_a-exit.o)
 .riscv.attributes
                0x00000000000004db       0x2b c:/users/nesre/documents/mikro/toolchain-gd32v-v202-win/compiler/bin/../lib/gcc/riscv64-unknown-elf/8.3.0/../../../../riscv64-unknown-elf/lib/rv32imac/ilp32\libc_nano.a(lib_a-fini.o)
 .riscv.attributes
                0x0000000000000506       0x2b c:/users/nesre/documents/mikro/toolchain-gd32v-v202-win/compiler/bin/../lib/gcc/riscv64-unknown-elf/8.3.0/../../../../riscv64-unknown-elf/lib/rv32imac/ilp32\libc_nano.a(lib_a-impure.o)
 .riscv.attributes
                0x0000000000000531       0x2b c:/users/nesre/documents/mikro/toolchain-gd32v-v202-win/compiler/bin/../lib/gcc/riscv64-unknown-elf/8.3.0/../../../../riscv64-unknown-elf/lib/rv32imac/ilp32\libc_nano.a(lib_a-init.o)
 .riscv.attributes
                0x000000000000055c       0x29 c:/users/nesre/documents/mikro/toolchain-gd32v-v202-win/compiler/bin/../lib/gcc/riscv64-unknown-elf/8.3.0/../../../../riscv64-unknown-elf/lib/rv32imac/ilp32\libc_nano.a(lib_a-memcpy-asm.o)
 .riscv.attributes
                0x0000000000000585       0x2b c:/users/nesre/documents/mikro/toolchain-gd32v-v202-win/compiler/bin/../lib/gcc/riscv64-unknown-elf/8.3.0/../../../../riscv64-unknown-elf/lib/rv32imac/ilp32\libc_nano.a(lib_a-rand.o)
 .riscv.attributes
                0x00000000000005b0       0x2b c:/users/nesre/documents/mikro/toolchain-gd32v-v202-win/compiler/bin/../lib/gcc/riscv64-unknown-elf/8.3.0/../../../../riscv64-unknown-elf/lib/rv32imac/ilp32\libc_nano.a(lib_a-sprintf.o)
 .riscv.attributes
                0x00000000000005db       0x2b c:/users/nesre/documents/mikro/toolchain-gd32v-v202-win/compiler/bin/../lib/gcc/riscv64-unknown-elf/8.3.0/../../../../riscv64-unknown-elf/lib/rv32imac/ilp32\libc_nano.a(lib_a-syswrite.o)
 .riscv.attributes
                0x0000000000000606       0x2b c:/users/nesre/documents/mikro/toolchain-gd32v-v202-win/compiler/bin/../lib/gcc/riscv64-unknown-elf/8.3.0/../../../../riscv64-unknown-elf/lib/rv32imac/ilp32\libc_nano.a(lib_a-writer.o)
 .riscv.attributes
                0x0000000000000631       0x2b c:/users/nesre/documents/mikro/toolchain-gd32v-v202-win/compiler/bin/../lib/gcc/riscv64-unknown-elf/8.3.0/../../../../riscv64-unknown-elf/lib/rv32imac/ilp32\libc_nano.a(lib_a-__atexit.o)
 .riscv.attributes
                0x000000000000065c       0x2b c:/users/nesre/documents/mikro/toolchain-gd32v-v202-win/compiler/bin/../lib/gcc/riscv64-unknown-elf/8.3.0/../../../../riscv64-unknown-elf/lib/rv32imac/ilp32\libc_nano.a(lib_a-__call_atexit.o)
 .riscv.attributes
                0x0000000000000687       0x2b c:/users/nesre/documents/mikro/toolchain-gd32v-v202-win/compiler/bin/../lib/gcc/riscv64-unknown-elf/8.3.0/../../../../riscv64-unknown-elf/lib/rv32imac/ilp32\libc_nano.a(lib_a-malloc.o)
 .riscv.attributes
                0x00000000000006b2       0x2b c:/users/nesre/documents/mikro/toolchain-gd32v-v202-win/compiler/bin/../lib/gcc/riscv64-unknown-elf/8.3.0/../../../../riscv64-unknown-elf/lib/rv32imac/ilp32\libc_nano.a(lib_a-nano-freer.o)
 .riscv.attributes
                0x00000000000006dd       0x2b c:/users/nesre/documents/mikro/toolchain-gd32v-v202-win/compiler/bin/../lib/gcc/riscv64-unknown-elf/8.3.0/../../../../riscv64-unknown-elf/lib/rv32imac/ilp32\libc_nano.a(lib_a-nano-mallocr.o)
 .riscv.attributes
                0x0000000000000708       0x2b c:/users/nesre/documents/mikro/toolchain-gd32v-v202-win/compiler/bin/../lib/gcc/riscv64-unknown-elf/8.3.0/../../../../riscv64-unknown-elf/lib/rv32imac/ilp32\libc_nano.a(lib_a-nano-svfprintf.o)
 .riscv.attributes
                0x0000000000000733       0x2b c:/users/nesre/documents/mikro/toolchain-gd32v-v202-win/compiler/bin/../lib/gcc/riscv64-unknown-elf/8.3.0/../../../../riscv64-unknown-elf/lib/rv32imac/ilp32\libc_nano.a(lib_a-nano-vfprintf_i.o)
 .riscv.attributes
                0x000000000000075e       0x2b c:/users/nesre/documents/mikro/toolchain-gd32v-v202-win/compiler/bin/../lib/gcc/riscv64-unknown-elf/8.3.0/../../../../riscv64-unknown-elf/lib/rv32imac/ilp32\libc_nano.a(lib_a-reent.o)
 .riscv.attributes
                0x0000000000000789       0x2b c:/users/nesre/documents/mikro/toolchain-gd32v-v202-win/compiler/bin/../lib/gcc/riscv64-unknown-elf/8.3.0/../../../../riscv64-unknown-elf/lib/rv32imac/ilp32\libc_nano.a(lib_a-sbrkr.o)
 .riscv.attributes
                0x00000000000007b4       0x2b c:/users/nesre/documents/mikro/toolchain-gd32v-v202-win/compiler/bin/../lib/gcc/riscv64-unknown-elf/8.3.0/../../../../riscv64-unknown-elf/lib/rv32imac/ilp32\libc_nano.a(lib_a-memchr.o)
 .riscv.attributes
                0x00000000000007df       0x29 c:/users/nesre/documents/mikro/toolchain-gd32v-v202-win/compiler/bin/../lib/gcc/riscv64-unknown-elf/8.3.0/../../../../riscv64-unknown-elf/lib/rv32imac/ilp32\libc_nano.a(lib_a-memmove.o)
 .riscv.attributes
                0x0000000000000808       0x2b c:/users/nesre/documents/mikro/toolchain-gd32v-v202-win/compiler/bin/../lib/gcc/riscv64-unknown-elf/8.3.0/../../../../riscv64-unknown-elf/lib/rv32imac/ilp32\libc_nano.a(lib_a-mlock.o)
 .riscv.attributes
                0x0000000000000833       0x2b c:/users/nesre/documents/mikro/toolchain-gd32v-v202-win/compiler/bin/../lib/gcc/riscv64-unknown-elf/8.3.0/../../../../riscv64-unknown-elf/lib/rv32imac/ilp32\libc_nano.a(lib_a-nano-reallocr.o)
 .riscv.attributes
                0x000000000000085e       0x2b c:/users/nesre/documents/mikro/toolchain-gd32v-v202-win/compiler/bin/../lib/gcc/riscv64-unknown-elf/8.3.0/../../../../riscv64-unknown-elf/lib/rv32imac/ilp32\libc_nano.a(lib_a-nano-msizer.o)
 .riscv.attributes
                0x0000000000000889       0x2b c:/users/nesre/documents/mikro/toolchain-gd32v-v202-win/compiler/bin/../lib/gcc/riscv64-unknown-elf/8.3.0/../../../../riscv64-unknown-elf/lib/rv32imac/ilp32\libgloss_nano.a(sys_write.o)
 .riscv.attributes
                0x00000000000008b4       0x2b c:/users/nesre/documents/mikro/toolchain-gd32v-v202-win/compiler/bin/../lib/gcc/riscv64-unknown-elf/8.3.0/../../../../riscv64-unknown-elf/lib/rv32imac/ilp32\libc_nano.a(lib_a-errno.o)

.debug_frame    0x0000000000000000     0x1828
 .debug_frame   0x0000000000000000      0x144 build/gd32vf103_gpio.o
 .debug_frame   0x0000000000000144      0x2e8 build/gd32vf103_rcu.o
 .debug_frame   0x000000000000042c      0x260 build/gd32vf103_spi.o
 .debug_frame   0x000000000000068c      0x504 build/gd32vf103_timer.o
 .debug_frame   0x0000000000000b90       0x30 build/system_gd32vf103.o
 .debug_frame   0x0000000000000bc0       0x2c build/_exit.o
 .debug_frame   0x0000000000000bec       0x20 build/sbrk.o
 .debug_frame   0x0000000000000c0c       0x50 build/write_hex.o
 .debug_frame   0x0000000000000c5c      0x2dc build/n200_func.o
 .debug_frame   0x0000000000000f38       0x44 build/handlers.o
 .debug_frame   0x0000000000000f7c       0x3c build/init.o
 .debug_frame   0x0000000000000fb8      0x560 build/lcd.o
 .debug_frame   0x0000000000001518       0xd8 build/main.o
 .debug_frame   0x00000000000015f0       0x48 build/pwm.o
 .debug_frame   0x0000000000001638       0x50 build/vibrator.o
 .debug_frame   0x0000000000001688       0x54 c:/users/nesre/documents/mikro/toolchain-gd32v-v202-win/compiler/bin/../lib/gcc/riscv64-unknown-elf/8.3.0/rv32imac/ilp32\libgcc.a(divdf3.o)
 .debug_frame   0x00000000000016dc       0x20 c:/users/nesre/documents/mikro/toolchain-gd32v-v202-win/compiler/bin/../lib/gcc/riscv64-unknown-elf/8.3.0/rv32imac/ilp32\libgcc.a(ledf2.o)
 .debug_frame   0x00000000000016fc       0x54 c:/users/nesre/documents/mikro/toolchain-gd32v-v202-win/compiler/bin/../lib/gcc/riscv64-unknown-elf/8.3.0/rv32imac/ilp32\libgcc.a(muldf3.o)
 .debug_frame   0x0000000000001750       0x34 c:/users/nesre/documents/mikro/toolchain-gd32v-v202-win/compiler/bin/../lib/gcc/riscv64-unknown-elf/8.3.0/rv32imac/ilp32\libgcc.a(floatunsidf.o)
 .debug_frame   0x0000000000001784       0x44 c:/users/nesre/documents/mikro/toolchain-gd32v-v202-win/compiler/bin/../lib/gcc/riscv64-unknown-elf/8.3.0/rv32imac/ilp32\libgcc.a(floatundidf.o)
 .debug_frame   0x00000000000017c8       0x20 c:/users/nesre/documents/mikro/toolchain-gd32v-v202-win/compiler/bin/../lib/gcc/riscv64-unknown-elf/8.3.0/rv32imac/ilp32\libgcc.a(_lshrdi3.o)
 .debug_frame   0x00000000000017e8       0x20 c:/users/nesre/documents/mikro/toolchain-gd32v-v202-win/compiler/bin/../lib/gcc/riscv64-unknown-elf/8.3.0/rv32imac/ilp32\libgcc.a(_ashldi3.o)
 .debug_frame   0x0000000000001808       0x20 c:/users/nesre/documents/mikro/toolchain-gd32v-v202-win/compiler/bin/../lib/gcc/riscv64-unknown-elf/8.3.0/rv32imac/ilp32\libgcc.a(_clzsi2.o)

Cross Reference Table

Symbol                                            File
ADC0_1_IRQHandler                                 build/start.o
BACK_COLOR                                        build/lcd.o
CAN0_EWMC_IRQHandler                              build/start.o
CAN0_RX0_IRQHandler                               build/start.o
CAN0_RX1_IRQHandler                               build/start.o
CAN0_TX_IRQHandler                                build/start.o
CAN1_EWMC_IRQHandler                              build/start.o
CAN1_RX0_IRQHandler                               build/start.o
CAN1_RX1_IRQHandler                               build/start.o
CAN1_TX_IRQHandler                                build/start.o
DMA0_Channel0_IRQHandler                          build/start.o
DMA0_Channel1_IRQHandler                          build/start.o
DMA0_Channel2_IRQHandler                          build/start.o
DMA0_Channel3_IRQHandler                          build/start.o
DMA0_Channel4_IRQHandler                          build/start.o
DMA0_Channel5_IRQHandler                          build/start.o
DMA0_Channel6_IRQHandler                          build/start.o
DMA1_Channel0_IRQHandler                          build/start.o
DMA1_Channel1_IRQHandler                          build/start.o
DMA1_Channel2_IRQHandler                          build/start.o
DMA1_Channel3_IRQHandler                          build/start.o
DMA1_Channel4_IRQHandler                          build/start.o
Draw_Circle                                       build/lcd.o
EXMC_IRQHandler                                   build/start.o
EXTI0_IRQHandler                                  build/start.o
EXTI10_15_IRQHandler                              build/start.o
EXTI1_IRQHandler                                  build/start.o
EXTI2_IRQHandler                                  build/start.o
EXTI3_IRQHandler                                  build/start.o
EXTI4_IRQHandler                                  build/start.o
EXTI5_9_IRQHandler                                build/start.o
FMC_IRQHandler                                    build/start.o
Hzk16                                             build/lcd.o
Hzk32                                             build/lcd.o
I2C0_ER_IRQHandler                                build/start.o
I2C0_EV_IRQHandler                                build/start.o
I2C1_ER_IRQHandler                                build/start.o
I2C1_EV_IRQHandler                                build/start.o
LCD_Address_Set                                   build/lcd.o
LCD_Clear                                         build/lcd.o
                                                  build/main.o
LCD_DrawLine                                      build/lcd.o
LCD_DrawPoint                                     build/lcd.o
LCD_DrawPoint_big                                 build/lcd.o
LCD_DrawRectangle                                 build/lcd.o
LCD_Fill                                          build/lcd.o
LCD_ShowChar                                      build/lcd.o
LCD_ShowChinese                                   build/lcd.o
LCD_ShowNum                                       build/lcd.o
LCD_ShowNum1                                      build/lcd.o
LCD_ShowPicture                                   build/lcd.o
LCD_ShowStr                                       build/lcd.o
                                                  build/main.o
LCD_ShowString                                    build/lcd.o
LCD_WR_DATA                                       build/lcd.o
LCD_WR_DATA8                                      build/lcd.o
LCD_WR_Queue                                      build/lcd.o
LCD_WR_REG                                        build/lcd.o
LCD_Wait_On_Queue                                 build/lcd.o
LCD_Writ_Bus                                      build/lcd.o
LCD_Write_Bus                                     build/lcd.o
LVD_IRQHandler                                    build/start.o
Lcd_Init                                          build/lcd.o
                                                  build/main.o
Lcd_SetType                                       build/lcd.o
RCU_IRQHandler                                    build/start.o
RTC_Alarm_IRQHandler                              build/start.o
RTC_IRQHandler                                    build/start.o
SPI0_IRQHandler                                   build/start.o
SPI1_IRQHandler                                   build/start.o
SPI2_IRQHandler                                   build/start.o
SystemCoreClock                                   build/system_gd32vf103.o
                                                  build/lcd.o
                                                  build/n200_func.o
SystemCoreClockUpdate                             build/system_gd32vf103.o
SystemInit                                        build/system_gd32vf103.o
                                                  build/init.o
T2powerUpInitPWM                                  build/pwm.o
                                                  build/main.o
T2setPWMch0                                       build/pwm.o
                                                  build/main.o
TAMPER_IRQHandler                                 build/start.o
TIMER0_BRK_IRQHandler                             build/start.o
TIMER0_Channel_IRQHandler                         build/start.o
TIMER0_TRG_CMT_IRQHandler                         build/start.o
TIMER0_UP_IRQHandler                              build/start.o
TIMER1_IRQHandler                                 build/start.o
TIMER2_IRQHandler                                 build/start.o
TIMER3_IRQHandler                                 build/start.o
TIMER4_IRQHandler                                 build/start.o
TIMER5_IRQHandler                                 build/start.o
TIMER6_IRQHandler                                 build/start.o
UART3_IRQHandler                                  build/start.o
UART4_IRQHandler                                  build/start.o
USART0_IRQHandler                                 build/start.o
USART1_IRQHandler                                 build/start.o
USART2_IRQHandler                                 build/start.o
USBFS_IRQHandler                                  build/start.o
USBFS_WKUP_IRQHandler                             build/start.o
WWDGT_IRQHandler                                  build/start.o
__ashldi3                                         c:/users/nesre/documents/mikro/toolchain-gd32v-v202-win/compiler/bin/../lib/gcc/riscv64-unknown-elf/8.3.0/rv32imac/ilp32\libgcc.a(_ashldi3.o)
                                                  c:/users/nesre/documents/mikro/toolchain-gd32v-v202-win/compiler/bin/../lib/gcc/riscv64-unknown-elf/8.3.0/rv32imac/ilp32\libgcc.a(floatundidf.o)
__atexit_dummy                                    c:/users/nesre/documents/mikro/toolchain-gd32v-v202-win/compiler/bin/../lib/gcc/riscv64-unknown-elf/8.3.0/../../../../riscv64-unknown-elf/lib/rv32imac/ilp32\libc_nano.a(lib_a-__atexit.o)
__bss_start                                       build/start.o
__call_exitprocs                                  c:/users/nesre/documents/mikro/toolchain-gd32v-v202-win/compiler/bin/../lib/gcc/riscv64-unknown-elf/8.3.0/../../../../riscv64-unknown-elf/lib/rv32imac/ilp32\libc_nano.a(lib_a-__call_atexit.o)
                                                  c:/users/nesre/documents/mikro/toolchain-gd32v-v202-win/compiler/bin/../lib/gcc/riscv64-unknown-elf/8.3.0/../../../../riscv64-unknown-elf/lib/rv32imac/ilp32\libc_nano.a(lib_a-__atexit.o)
                                                  c:/users/nesre/documents/mikro/toolchain-gd32v-v202-win/compiler/bin/../lib/gcc/riscv64-unknown-elf/8.3.0/../../../../riscv64-unknown-elf/lib/rv32imac/ilp32\libc_nano.a(lib_a-exit.o)
__clz_tab                                         c:/users/nesre/documents/mikro/toolchain-gd32v-v202-win/compiler/bin/../lib/gcc/riscv64-unknown-elf/8.3.0/rv32imac/ilp32\libgcc.a(_clz.o)
                                                  c:/users/nesre/documents/mikro/toolchain-gd32v-v202-win/compiler/bin/../lib/gcc/riscv64-unknown-elf/8.3.0/rv32imac/ilp32\libgcc.a(_clzsi2.o)
                                                  c:/users/nesre/documents/mikro/toolchain-gd32v-v202-win/compiler/bin/../lib/gcc/riscv64-unknown-elf/8.3.0/rv32imac/ilp32\libgcc.a(_udivdi3.o)
__clzsi2                                          c:/users/nesre/documents/mikro/toolchain-gd32v-v202-win/compiler/bin/../lib/gcc/riscv64-unknown-elf/8.3.0/rv32imac/ilp32\libgcc.a(_clzsi2.o)
                                                  c:/users/nesre/documents/mikro/toolchain-gd32v-v202-win/compiler/bin/../lib/gcc/riscv64-unknown-elf/8.3.0/rv32imac/ilp32\libgcc.a(mulsf3.o)
                                                  c:/users/nesre/documents/mikro/toolchain-gd32v-v202-win/compiler/bin/../lib/gcc/riscv64-unknown-elf/8.3.0/rv32imac/ilp32\libgcc.a(floatundidf.o)
                                                  c:/users/nesre/documents/mikro/toolchain-gd32v-v202-win/compiler/bin/../lib/gcc/riscv64-unknown-elf/8.3.0/rv32imac/ilp32\libgcc.a(floatunsidf.o)
                                                  c:/users/nesre/documents/mikro/toolchain-gd32v-v202-win/compiler/bin/../lib/gcc/riscv64-unknown-elf/8.3.0/rv32imac/ilp32\libgcc.a(muldf3.o)
                                                  c:/users/nesre/documents/mikro/toolchain-gd32v-v202-win/compiler/bin/../lib/gcc/riscv64-unknown-elf/8.3.0/rv32imac/ilp32\libgcc.a(divdf3.o)
__divdf3                                          c:/users/nesre/documents/mikro/toolchain-gd32v-v202-win/compiler/bin/../lib/gcc/riscv64-unknown-elf/8.3.0/rv32imac/ilp32\libgcc.a(divdf3.o)
                                                  build/lcd.o
__errno                                           c:/users/nesre/documents/mikro/toolchain-gd32v-v202-win/compiler/bin/../lib/gcc/riscv64-unknown-elf/8.3.0/../../../../riscv64-unknown-elf/lib/rv32imac/ilp32\libc_nano.a(lib_a-errno.o)
                                                  c:/users/nesre/documents/mikro/toolchain-gd32v-v202-win/compiler/bin/../lib/gcc/riscv64-unknown-elf/8.3.0/../../../../riscv64-unknown-elf/lib/rv32imac/ilp32\libgloss_nano.a(sys_write.o)
__fini_array_end                                  c:/users/nesre/documents/mikro/toolchain-gd32v-v202-win/compiler/bin/../lib/gcc/riscv64-unknown-elf/8.3.0/../../../../riscv64-unknown-elf/lib/rv32imac/ilp32\libc_nano.a(lib_a-fini.o)
__fini_array_start                                c:/users/nesre/documents/mikro/toolchain-gd32v-v202-win/compiler/bin/../lib/gcc/riscv64-unknown-elf/8.3.0/../../../../riscv64-unknown-elf/lib/rv32imac/ilp32\libc_nano.a(lib_a-fini.o)
__fixunssfsi                                      c:/users/nesre/documents/mikro/toolchain-gd32v-v202-win/compiler/bin/../lib/gcc/riscv64-unknown-elf/8.3.0/rv32imac/ilp32\libgcc.a(fixunssfsi.o)
                                                  build/lcd.o
__floatundidf                                     c:/users/nesre/documents/mikro/toolchain-gd32v-v202-win/compiler/bin/../lib/gcc/riscv64-unknown-elf/8.3.0/rv32imac/ilp32\libgcc.a(floatundidf.o)
                                                  build/lcd.o
__floatunsidf                                     c:/users/nesre/documents/mikro/toolchain-gd32v-v202-win/compiler/bin/../lib/gcc/riscv64-unknown-elf/8.3.0/rv32imac/ilp32\libgcc.a(floatunsidf.o)
                                                  build/lcd.o
__global_pointer$                                 build/start.o
__init_array_end                                  c:/users/nesre/documents/mikro/toolchain-gd32v-v202-win/compiler/bin/../lib/gcc/riscv64-unknown-elf/8.3.0/../../../../riscv64-unknown-elf/lib/rv32imac/ilp32\libc_nano.a(lib_a-init.o)
__init_array_start                                c:/users/nesre/documents/mikro/toolchain-gd32v-v202-win/compiler/bin/../lib/gcc/riscv64-unknown-elf/8.3.0/../../../../riscv64-unknown-elf/lib/rv32imac/ilp32\libc_nano.a(lib_a-init.o)
__ledf2                                           c:/users/nesre/documents/mikro/toolchain-gd32v-v202-win/compiler/bin/../lib/gcc/riscv64-unknown-elf/8.3.0/rv32imac/ilp32\libgcc.a(ledf2.o)
__libc_fini_array                                 c:/users/nesre/documents/mikro/toolchain-gd32v-v202-win/compiler/bin/../lib/gcc/riscv64-unknown-elf/8.3.0/../../../../riscv64-unknown-elf/lib/rv32imac/ilp32\libc_nano.a(lib_a-fini.o)
                                                  build/start.o
__libc_init_array                                 c:/users/nesre/documents/mikro/toolchain-gd32v-v202-win/compiler/bin/../lib/gcc/riscv64-unknown-elf/8.3.0/../../../../riscv64-unknown-elf/lib/rv32imac/ilp32\libc_nano.a(lib_a-init.o)
                                                  build/start.o
__lshrdi3                                         c:/users/nesre/documents/mikro/toolchain-gd32v-v202-win/compiler/bin/../lib/gcc/riscv64-unknown-elf/8.3.0/rv32imac/ilp32\libgcc.a(_lshrdi3.o)
                                                  c:/users/nesre/documents/mikro/toolchain-gd32v-v202-win/compiler/bin/../lib/gcc/riscv64-unknown-elf/8.3.0/rv32imac/ilp32\libgcc.a(floatundidf.o)
__ltdf2                                           c:/users/nesre/documents/mikro/toolchain-gd32v-v202-win/compiler/bin/../lib/gcc/riscv64-unknown-elf/8.3.0/rv32imac/ilp32\libgcc.a(ledf2.o)
                                                  build/lcd.o
__malloc_free_list                                c:/users/nesre/documents/mikro/toolchain-gd32v-v202-win/compiler/bin/../lib/gcc/riscv64-unknown-elf/8.3.0/../../../../riscv64-unknown-elf/lib/rv32imac/ilp32\libc_nano.a(lib_a-nano-mallocr.o)
                                                  c:/users/nesre/documents/mikro/toolchain-gd32v-v202-win/compiler/bin/../lib/gcc/riscv64-unknown-elf/8.3.0/../../../../riscv64-unknown-elf/lib/rv32imac/ilp32\libc_nano.a(lib_a-nano-freer.o)
__malloc_lock                                     c:/users/nesre/documents/mikro/toolchain-gd32v-v202-win/compiler/bin/../lib/gcc/riscv64-unknown-elf/8.3.0/../../../../riscv64-unknown-elf/lib/rv32imac/ilp32\libc_nano.a(lib_a-mlock.o)
                                                  c:/users/nesre/documents/mikro/toolchain-gd32v-v202-win/compiler/bin/../lib/gcc/riscv64-unknown-elf/8.3.0/../../../../riscv64-unknown-elf/lib/rv32imac/ilp32\libc_nano.a(lib_a-nano-mallocr.o)
                                                  c:/users/nesre/documents/mikro/toolchain-gd32v-v202-win/compiler/bin/../lib/gcc/riscv64-unknown-elf/8.3.0/../../../../riscv64-unknown-elf/lib/rv32imac/ilp32\libc_nano.a(lib_a-nano-freer.o)
__malloc_sbrk_start                               c:/users/nesre/documents/mikro/toolchain-gd32v-v202-win/compiler/bin/../lib/gcc/riscv64-unknown-elf/8.3.0/../../../../riscv64-unknown-elf/lib/rv32imac/ilp32\libc_nano.a(lib_a-nano-mallocr.o)
__malloc_unlock                                   c:/users/nesre/documents/mikro/toolchain-gd32v-v202-win/compiler/bin/../lib/gcc/riscv64-unknown-elf/8.3.0/../../../../riscv64-unknown-elf/lib/rv32imac/ilp32\libc_nano.a(lib_a-mlock.o)
                                                  c:/users/nesre/documents/mikro/toolchain-gd32v-v202-win/compiler/bin/../lib/gcc/riscv64-unknown-elf/8.3.0/../../../../riscv64-unknown-elf/lib/rv32imac/ilp32\libc_nano.a(lib_a-nano-mallocr.o)
                                                  c:/users/nesre/documents/mikro/toolchain-gd32v-v202-win/compiler/bin/../lib/gcc/riscv64-unknown-elf/8.3.0/../../../../riscv64-unknown-elf/lib/rv32imac/ilp32\libc_nano.a(lib_a-nano-freer.o)
__muldf3                                          c:/users/nesre/documents/mikro/toolchain-gd32v-v202-win/compiler/bin/../lib/gcc/riscv64-unknown-elf/8.3.0/rv32imac/ilp32\libgcc.a(muldf3.o)
                                                  build/lcd.o
__mulsf3                                          c:/users/nesre/documents/mikro/toolchain-gd32v-v202-win/compiler/bin/../lib/gcc/riscv64-unknown-elf/8.3.0/rv32imac/ilp32\libgcc.a(mulsf3.o)
                                                  build/lcd.o
__on_exit_args                                    c:/users/nesre/documents/mikro/toolchain-gd32v-v202-win/compiler/bin/../lib/gcc/riscv64-unknown-elf/8.3.0/../../../../riscv64-unknown-elf/lib/rv32imac/ilp32\libc_nano.a(lib_a-__atexit.o)
__preinit_array_end                               c:/users/nesre/documents/mikro/toolchain-gd32v-v202-win/compiler/bin/../lib/gcc/riscv64-unknown-elf/8.3.0/../../../../riscv64-unknown-elf/lib/rv32imac/ilp32\libc_nano.a(lib_a-init.o)
__preinit_array_start                             c:/users/nesre/documents/mikro/toolchain-gd32v-v202-win/compiler/bin/../lib/gcc/riscv64-unknown-elf/8.3.0/../../../../riscv64-unknown-elf/lib/rv32imac/ilp32\libc_nano.a(lib_a-init.o)
__register_exitproc                               c:/users/nesre/documents/mikro/toolchain-gd32v-v202-win/compiler/bin/../lib/gcc/riscv64-unknown-elf/8.3.0/../../../../riscv64-unknown-elf/lib/rv32imac/ilp32\libc_nano.a(lib_a-__atexit.o)